<!doctype html public "-//w3c//dtd html 4.0 transitional//en">
<html><head>
<title>Static Call Graph - [.\BUILD\mbed-os-example-blinky.axf]</title></head>
<body><HR>
<H1>Static Call Graph for image .\BUILD\mbed-os-example-blinky.axf</H1><HR>
<BR><P>#&#060CALLGRAPH&#062# ARM Linker, 6160001: Last Updated: Wed Oct 27 18:06:41 2021
<BR><P>
<H3>Maximum Stack Usage =        960 bytes + Unknown(Cycles, Untraceable Function Pointers)</H3><H3>
Call chain for Maximum Stack Depth:</H3>
default_idle_hook() &rArr; mbed::internal::do_timed_sleep_relative_to_acknowledged_ticks(std::__2::chrono::duration&lang;unsigned int, std::__2::ratio&lang;1ll, 1000ll&rang; &rang;, bool (*)(void*), void*) &rArr; mbed::internal::do_timed_sleep_absolute(std::__2::chrono::time_point&lang;mbed::internal::OsClock, std::__2::chrono::duration&lang;long long, std::__2::ratio&lang;1ll, 1000ll&rang; &rang; &rang;, bool (*)(void*), void*) &rArr; void mbed::internal::do_sleep_operation&lang;mbed::internal::timed_predicate_op&rang;(mbed::internal::timed_predicate_op&) &rArr; mbed::internal::timed_predicate_op::sleep_prepare() &rArr; mbed::internal::OsClock::set_wake_time(std::__2::chrono::time_point&lang;mbed::internal::OsClock, std::__2::chrono::duration&lang;long long, std::__2::ratio&lang;1ll, 1000ll&rang; &rang; &rang;) &rArr; mbed::internal::SysTimer&lang;std::__2::ratio&lang;1ll, 1000ll&rang;, true&rang;::set_wake_time(std::__2::chrono::time_point&lang;mbed::internal::SysTimer&lang;std::__2::ratio&lang;1ll, 1000ll&rang;, true&rang;, std::__2::chrono::duration&lang;unsigned long long, std::__2::ratio&lang;1ll, 1000ll&rang; &rang; &rang;) &rArr; sleep_manager_lock_deep_sleep_internal &rArr; mbed_error &rArr; mbed_halt_system &rArr; mbed_die &rArr; gpio_init_out &rArr; gpio_init_out_ex &rArr; _gpio_init_out &rArr; gpio_init &rArr; gpio_set &rArr; pin_function &rArr; Set_GPIO_Clock &rArr; error &rArr;  mbed_halt_system (Cycle)
<P>
<H3>
Mutually Recursive functions
</H3> <LI><a href="#[129]">mbed_assert_internal</a>&nbsp;&nbsp;&nbsp;&rArr;&nbsp;&nbsp;&nbsp;<a href="#[1bb]">mbed_error</a><BR>
 <LI><a href="#[e7]">trap_rtx_error</a>&nbsp;&nbsp;&nbsp;&rArr;&nbsp;&nbsp;&nbsp;<a href="#[1bb]">mbed_error</a><BR>
 <LI><a href="#[1e0]">osRtxErrorNotify</a>&nbsp;&nbsp;&nbsp;&rArr;&nbsp;&nbsp;&nbsp;<a href="#[1bb]">mbed_error</a><BR>
 <LI><a href="#[12c]">error</a>&nbsp;&nbsp;&nbsp;&rArr;&nbsp;&nbsp;&nbsp;<a href="#[20f]">mbed_halt_system</a><BR>
 <LI><a href="#[225]">initialize</a>&nbsp;&nbsp;&nbsp;&rArr;&nbsp;&nbsp;&nbsp;<a href="#[1bb]">mbed_error</a><BR>
 <LI><a href="#[c6]">_sys_write</a>&nbsp;&nbsp;&nbsp;&rArr;&nbsp;&nbsp;&nbsp;<a href="#[1bb]">mbed_error</a><BR>
 <LI><a href="#[1]">NMI_Handler</a>&nbsp;&nbsp;&nbsp;&rArr;&nbsp;&nbsp;&nbsp;<a href="#[1]">NMI_Handler</a><BR>
 <LI><a href="#[12]">ADC1_COMP_IRQHandler</a>&nbsp;&nbsp;&nbsp;&rArr;&nbsp;&nbsp;&nbsp;<a href="#[12]">ADC1_COMP_IRQHandler</a><BR>
 <LI><a href="#[cd]">_sys_exit</a>&nbsp;&nbsp;&nbsp;&rArr;&nbsp;&nbsp;&nbsp;<a href="#[cd]">_sys_exit</a><BR>
</UL>
<P>
<H3>
Function Pointers
</H3><UL>
 <LI><a href="#[12]">ADC1_COMP_IRQHandler</a> from .\build\startup_stm32l072xx.o(.text) referenced from .\build\startup_stm32l072xx.o(RESET)
 <LI><a href="#[f]">DMA1_Channel1_IRQHandler</a> from .\build\startup_stm32l072xx.o(.text) referenced from .\build\startup_stm32l072xx.o(RESET)
 <LI><a href="#[10]">DMA1_Channel2_3_IRQHandler</a> from .\build\startup_stm32l072xx.o(.text) referenced from .\build\startup_stm32l072xx.o(RESET)
 <LI><a href="#[11]">DMA1_Channel4_5_6_7_IRQHandler</a> from .\build\startup_stm32l072xx.o(.text) referenced from .\build\startup_stm32l072xx.o(RESET)
 <LI><a href="#[b]">EXTI0_1_IRQHandler</a> from .\build\startup_stm32l072xx.o(.text) referenced from .\build\startup_stm32l072xx.o(RESET)
 <LI><a href="#[c]">EXTI2_3_IRQHandler</a> from .\build\startup_stm32l072xx.o(.text) referenced from .\build\startup_stm32l072xx.o(RESET)
 <LI><a href="#[d]">EXTI4_15_IRQHandler</a> from .\build\startup_stm32l072xx.o(.text) referenced from .\build\startup_stm32l072xx.o(RESET)
 <LI><a href="#[9]">FLASH_IRQHandler</a> from .\build\startup_stm32l072xx.o(.text) referenced from .\build\startup_stm32l072xx.o(RESET)
 <LI><a href="#[2]">HardFault_Handler</a> from .\build\except.o(.text) referenced from .\build\startup_stm32l072xx.o(RESET)
 <LI><a href="#[1c]">I2C1_IRQHandler</a> from .\build\startup_stm32l072xx.o(.text) referenced from .\build\startup_stm32l072xx.o(RESET)
 <LI><a href="#[1d]">I2C2_IRQHandler</a> from .\build\startup_stm32l072xx.o(.text) referenced from .\build\startup_stm32l072xx.o(RESET)
 <LI><a href="#[1a]">I2C3_IRQHandler</a> from .\build\startup_stm32l072xx.o(.text) referenced from .\build\startup_stm32l072xx.o(RESET)
 <LI><a href="#[13]">LPTIM1_IRQHandler</a> from .\build\startup_stm32l072xx.o(.text) referenced from .\build\startup_stm32l072xx.o(RESET)
 <LI><a href="#[2b]">LPTIM_IRQHandler</a> from .\build\lp_ticker.o(.text.LPTIM_IRQHandler) referenced from .\build\lp_ticker.o(.text.__NVIC_SetVector)
 <LI><a href="#[1]">NMI_Handler</a> from .\build\startup_stm32l072xx.o(.text) referenced from .\build\startup_stm32l072xx.o(RESET)
 <LI><a href="#[7]">PVD_IRQHandler</a> from .\build\startup_stm32l072xx.o(.text) referenced from .\build\startup_stm32l072xx.o(RESET)
 <LI><a href="#[4]">PendSV_Handler</a> from .\build\irq_cm0.o(.text) referenced from .\build\startup_stm32l072xx.o(RESET)
 <LI><a href="#[a]">RCC_CRS_IRQHandler</a> from .\build\startup_stm32l072xx.o(.text) referenced from .\build\startup_stm32l072xx.o(RESET)
 <LI><a href="#[22]">RNG_LPUART1_IRQHandler</a> from .\build\startup_stm32l072xx.o(.text) referenced from .\build\startup_stm32l072xx.o(RESET)
 <LI><a href="#[8]">RTC_IRQHandler</a> from .\build\startup_stm32l072xx.o(.text) referenced from .\build\startup_stm32l072xx.o(RESET)
 <LI><a href="#[0]">Reset_Handler</a> from .\build\startup_stm32l072xx.o(.text) referenced from .\build\startup_stm32l072xx.o(RESET)
 <LI><a href="#[1e]">SPI1_IRQHandler</a> from .\build\startup_stm32l072xx.o(.text) referenced from .\build\startup_stm32l072xx.o(RESET)
 <LI><a href="#[1f]">SPI2_IRQHandler</a> from .\build\startup_stm32l072xx.o(.text) referenced from .\build\startup_stm32l072xx.o(RESET)
 <LI><a href="#[3]">SVC_Handler</a> from .\build\irq_cm0.o(.text) referenced from .\build\startup_stm32l072xx.o(RESET)
 <LI><a href="#[5]">SysTick_Handler</a> from .\build\irq_cm0.o(.text) referenced from .\build\rtx_kernel.o(.text.svcRtxKernelStart)
 <LI><a href="#[5]">SysTick_Handler</a> from .\build\irq_cm0.o(.text) referenced from .\build\startup_stm32l072xx.o(RESET)
 <LI><a href="#[24]">SystemInit</a> from .\build\system_stm32l0xx.o(.text.SystemInit) referenced from .\build\startup_stm32l072xx.o(.text)
 <LI><a href="#[19]">TIM21_IRQHandler</a> from .\build\startup_stm32l072xx.o(.text) referenced from .\build\startup_stm32l072xx.o(RESET)
 <LI><a href="#[1b]">TIM22_IRQHandler</a> from .\build\startup_stm32l072xx.o(.text) referenced from .\build\startup_stm32l072xx.o(RESET)
 <LI><a href="#[15]">TIM2_IRQHandler</a> from .\build\startup_stm32l072xx.o(.text) referenced from .\build\startup_stm32l072xx.o(RESET)
 <LI><a href="#[16]">TIM3_IRQHandler</a> from .\build\startup_stm32l072xx.o(.text) referenced from .\build\startup_stm32l072xx.o(RESET)
 <LI><a href="#[17]">TIM6_DAC_IRQHandler</a> from .\build\startup_stm32l072xx.o(.text) referenced from .\build\startup_stm32l072xx.o(RESET)
 <LI><a href="#[18]">TIM7_IRQHandler</a> from .\build\startup_stm32l072xx.o(.text) referenced from .\build\startup_stm32l072xx.o(RESET)
 <LI><a href="#[e]">TSC_IRQHandler</a> from .\build\startup_stm32l072xx.o(.text) referenced from .\build\startup_stm32l072xx.o(RESET)
 <LI><a href="#[20]">USART1_IRQHandler</a> from .\build\startup_stm32l072xx.o(.text) referenced from .\build\startup_stm32l072xx.o(RESET)
 <LI><a href="#[21]">USART2_IRQHandler</a> from .\build\startup_stm32l072xx.o(.text) referenced from .\build\startup_stm32l072xx.o(RESET)
 <LI><a href="#[14]">USART4_5_IRQHandler</a> from .\build\startup_stm32l072xx.o(.text) referenced from .\build\startup_stm32l072xx.o(RESET)
 <LI><a href="#[23]">USB_IRQHandler</a> from .\build\startup_stm32l072xx.o(.text) referenced from .\build\startup_stm32l072xx.o(RESET)
 <LI><a href="#[6]">WWDG_IRQHandler</a> from .\build\startup_stm32l072xx.o(.text) referenced from .\build\startup_stm32l072xx.o(RESET)
 <LI><a href="#[7b]">_GLOBAL__sub_I_main.cpp</a> from .\build\main.o(.text._GLOBAL__sub_I_main.cpp) referenced from .\build\main.o(.init_array)
 <LI><a href="#[2d]">check_time()</a> from .\build\main.o(.text._Z10check_timev) referenced from .\build\main.o(.text.main)
 <LI><a href="#[2f]">button_change()</a> from .\build\main.o(.text._Z13button_changev) referenced from .\build\main.o(.text.main)
 <LI><a href="#[26]">state_timeout()</a> from .\build\main.o(.text._Z13state_timeoutv) referenced from .\build\main.o(.text._Z14compare_valuest)
 <LI><a href="#[2e]">print()</a> from .\build\main.o(.text._Z5printv) referenced from .\build\main.o(.text.main)
 <LI><a href="#[7c]">default_idle_hook()</a> from .\build\mbed_rtx_idle.o(.text._ZL17default_idle_hookv) referenced from .\build\mbed_rtx_idle.o(.data._ZL14idle_hook_fptr)
 <LI><a href="#[27]">rtos_event_pending(void*)</a> from .\build\mbed_rtx_idle.o(.text._ZL18rtos_event_pendingPv) referenced from .\build\mbed_rtx_idle.o(.text._ZL17default_idle_hookv)
 <LI><a href="#[4d]">DirectSerial::read(void*, unsigned int)</a> from .\build\mbed_retarget.o(.text._ZN12DirectSerial4readEPvj) referenced from .\build\mbed_retarget.o(.rodata._ZTV12DirectSerial)
 <LI><a href="#[4f]">DirectSerial::seek(long, int)</a> from .\build\mbed_retarget.o(.text._ZN12DirectSerial4seekEli) referenced from .\build\mbed_retarget.o(.rodata._ZTV12DirectSerial)
 <LI><a href="#[55]">DirectSerial::size()</a> from .\build\mbed_retarget.o(.text._ZN12DirectSerial4sizeEv) referenced from .\build\mbed_retarget.o(.rodata._ZTV12DirectSerial)
 <LI><a href="#[50]">DirectSerial::close()</a> from .\build\mbed_retarget.o(.text._ZN12DirectSerial5closeEv) referenced from .\build\mbed_retarget.o(.rodata._ZTV12DirectSerial)
 <LI><a href="#[4e]">DirectSerial::write(void const*, unsigned int)</a> from .\build\mbed_retarget.o(.text._ZN12DirectSerial5writeEPKvj) referenced from .\build\mbed_retarget.o(.rodata._ZTV12DirectSerial)
 <LI><a href="#[52]">DirectSerial::isatty()</a> from .\build\mbed_retarget.o(.text._ZN12DirectSerial6isattyEv) referenced from .\build\mbed_retarget.o(.rodata._ZTV12DirectSerial)
 <LI><a href="#[4c]">DirectSerial::~DirectSerial__deallocating()</a> from .\build\mbed_retarget.o(.text._ZN12DirectSerialD0Ev) referenced from .\build\mbed_retarget.o(.rodata._ZTV12DirectSerial)
 <LI><a href="#[59]">mbed::FileHandle::enable_input(bool)</a> from .\build\file.o(.text._ZN4mbed10FileHandle12enable_inputEb) referenced from .\build\mbed_retarget.o(.rodata._ZTV12DirectSerial)
 <LI><a href="#[59]">mbed::FileHandle::enable_input(bool)</a> from .\build\file.o(.text._ZN4mbed10FileHandle12enable_inputEb) referenced from .\build\filehandle.o(.rodata._ZTVN4mbed10FileHandleE)
 <LI><a href="#[57]">mbed::FileHandle::set_blocking(bool)</a> from .\build\file.o(.text._ZN4mbed10FileHandle12set_blockingEb) referenced from .\build\mbed_retarget.o(.rodata._ZTV12DirectSerial)
 <LI><a href="#[57]">mbed::FileHandle::set_blocking(bool)</a> from .\build\file.o(.text._ZN4mbed10FileHandle12set_blockingEb) referenced from .\build\filehandle.o(.rodata._ZTVN4mbed10FileHandleE)
 <LI><a href="#[5a]">mbed::FileHandle::enable_output(bool)</a> from .\build\file.o(.text._ZN4mbed10FileHandle13enable_outputEb) referenced from .\build\mbed_retarget.o(.rodata._ZTV12DirectSerial)
 <LI><a href="#[5a]">mbed::FileHandle::enable_output(bool)</a> from .\build\file.o(.text._ZN4mbed10FileHandle13enable_outputEb) referenced from .\build\filehandle.o(.rodata._ZTVN4mbed10FileHandleE)
 <LI><a href="#[60]">mbed::FileHandle::size()</a> from .\build\filehandle.o(.text._ZN4mbed10FileHandle4sizeEv) referenced from .\build\filehandle.o(.rodata._ZTVN4mbed10FileHandleE)
 <LI><a href="#[51]">mbed::FileHandle::sync()</a> from .\build\filehandle.o(.text._ZN4mbed10FileHandle4syncEv) referenced from .\build\mbed_retarget.o(.rodata._ZTV12DirectSerial)
 <LI><a href="#[51]">mbed::FileHandle::sync()</a> from .\build\filehandle.o(.text._ZN4mbed10FileHandle4syncEv) referenced from .\build\filehandle.o(.rodata._ZTVN4mbed10FileHandleE)
 <LI><a href="#[53]">mbed::FileHandle::tell()</a> from .\build\bufferedserial.o(.text._ZN4mbed10FileHandle4tellEv) referenced from .\build\mbed_retarget.o(.rodata._ZTV12DirectSerial)
 <LI><a href="#[53]">mbed::FileHandle::tell()</a> from .\build\bufferedserial.o(.text._ZN4mbed10FileHandle4tellEv) referenced from .\build\filehandle.o(.rodata._ZTVN4mbed10FileHandleE)
 <LI><a href="#[5c]">mbed::FileHandle::sigio(mbed::Callback&lang;void ()&rang;)</a> from .\build\file.o(.text._ZN4mbed10FileHandle5sigioENS_8CallbackIFvvEEE) referenced from .\build\mbed_retarget.o(.rodata._ZTV12DirectSerial)
 <LI><a href="#[5c]">mbed::FileHandle::sigio(mbed::Callback&lang;void ()&rang;)</a> from .\build\file.o(.text._ZN4mbed10FileHandle5sigioENS_8CallbackIFvvEEE) referenced from .\build\filehandle.o(.rodata._ZTVN4mbed10FileHandleE)
 <LI><a href="#[5f]">mbed::FileHandle::isatty()</a> from .\build\filehandle.o(.text._ZN4mbed10FileHandle6isattyEv) referenced from .\build\filehandle.o(.rodata._ZTVN4mbed10FileHandleE)
 <LI><a href="#[54]">mbed::FileHandle::rewind()</a> from .\build\bufferedserial.o(.text._ZN4mbed10FileHandle6rewindEv) referenced from .\build\mbed_retarget.o(.rodata._ZTV12DirectSerial)
 <LI><a href="#[54]">mbed::FileHandle::rewind()</a> from .\build\bufferedserial.o(.text._ZN4mbed10FileHandle6rewindEv) referenced from .\build\filehandle.o(.rodata._ZTVN4mbed10FileHandleE)
 <LI><a href="#[56]">mbed::FileHandle::truncate(long)</a> from .\build\bufferedserial.o(.text._ZN4mbed10FileHandle8truncateEl) referenced from .\build\mbed_retarget.o(.rodata._ZTV12DirectSerial)
 <LI><a href="#[56]">mbed::FileHandle::truncate(long)</a> from .\build\bufferedserial.o(.text._ZN4mbed10FileHandle8truncateEl) referenced from .\build\filehandle.o(.rodata._ZTVN4mbed10FileHandleE)
 <LI><a href="#[5d]">mbed::FileHandle::~FileHandle__deallocating()</a> from .\build\filehandle.o(.text._ZN4mbed10FileHandleD0Ev) referenced from .\build\filehandle.o(.rodata._ZTVN4mbed10FileHandleE)
 <LI><a href="#[4b]">mbed::FileHandle::~FileHandle__sub_object()</a> from .\build\bufferedserial.o(.text._ZN4mbed10FileHandleD2Ev) referenced from .\build\mbed_retarget.o(.rodata._ZTV12DirectSerial)
 <LI><a href="#[4b]">mbed::FileHandle::~FileHandle__sub_object()</a> from .\build\bufferedserial.o(.text._ZN4mbed10FileHandleD2Ev) referenced from .\build\filehandle.o(.rodata._ZTVN4mbed10FileHandleE)
 <LI><a href="#[62]">mbed::TickerBase::handler()</a> from .\build\ticker.o(.text._ZN4mbed10TickerBase7handlerEv) referenced from .\build\ticker.o(.rodata._ZTVN4mbed10TickerBaseE)
 <LI><a href="#[62]">mbed::TickerBase::handler()</a> from .\build\ticker.o(.text._ZN4mbed10TickerBase7handlerEv) referenced from .\build\ticker.o(.rodata._ZTVN4mbed6TickerE)
 <LI><a href="#[28]">mbed::TimerEvent::irq(unsigned int)</a> from .\build\timerevent.o(.text._ZN4mbed10TimerEvent3irqEj) referenced from .\build\timerevent.o(.text._ZN4mbed10TimerEventC2EPK13ticker_data_t)
 <LI><a href="#[63]">mbed::TimeoutBase::handler()</a> from .\build\timeout.o(.text._ZN4mbed11TimeoutBase7handlerEv) referenced from .\build\timeout.o(.rodata._ZTVN4mbed11TimeoutBaseE)
 <LI><a href="#[63]">mbed::TimeoutBase::handler()</a> from .\build\timeout.o(.text._ZN4mbed11TimeoutBase7handlerEv) referenced from .\build\timeout.o(.rodata._ZTVN4mbed7TimeoutE)
 <LI><a href="#[66]">mbed::AnalogIn::lock()</a> from .\build\analogin.o(.text._ZN4mbed8AnalogIn4lockEv) referenced from .\build\analogin.o(.rodata._ZTVN4mbed8AnalogInE)
 <LI><a href="#[67]">mbed::AnalogIn::unlock()</a> from .\build\analogin.o(.text._ZN4mbed8AnalogIn6unlockEv) referenced from .\build\analogin.o(.rodata._ZTVN4mbed8AnalogInE)
 <LI><a href="#[65]">mbed::AnalogIn::~AnalogIn__deallocating()</a> from .\build\analogin.o(.text._ZN4mbed8AnalogInD0Ev) referenced from .\build\analogin.o(.rodata._ZTVN4mbed8AnalogInE)
 <LI><a href="#[64]">mbed::AnalogIn::~AnalogIn__sub_object()</a> from .\build\analogin.o(.text._ZN4mbed8AnalogInD2Ev) referenced from .\build\analogin.o(.rodata._ZTVN4mbed8AnalogInE)
 <LI><a href="#[29]">void mbed::Callback&lang;void ()&rang;::target_call&lang;void (*)()&rang;(mbed::detail::CallbackBase const*)</a> from .\build\arm_hal_fhss_timer.o(.text._ZN4mbed8CallbackIFvvEE11target_callIPS1_EEvPKNS_6detail12CallbackBaseE) referenced from .\build\arm_hal_fhss_timer.o(.text._ZN4mbed8CallbackIFvvEE8generateIPS1_vEEvOT_)
 <LI><a href="#[68]">mbed::internal::SysTimer&lang;std::__2::ratio&lang;1ll, 1000ll&rang;, true&rang;::handler()</a> from .\build\systimer.o(.text._ZN4mbed8internal8SysTimerINSt3__25ratioILx1ELx1000EEELb1EE7handlerEv) referenced from .\build\systimer.o(.rodata._ZTVN4mbed8internal8SysTimerINSt3__25ratioILx1ELx1000EEELb1EEE)
 <LI><a href="#[2a]">rtos::Thread::_thunk(void*)</a> from .\build\thread.o(.text._ZN4rtos6Thread6_thunkEPv) referenced from .\build\thread.o(.text._ZN4rtos6Thread5startEN4mbed8CallbackIFvvEEE)
 <LI><a href="#[6a]">rtos::Thread::~Thread__deallocating()</a> from .\build\thread.o(.text._ZN4rtos6ThreadD0Ev) referenced from .\build\thread.o(.rodata._ZTVN4rtos6ThreadE)
 <LI><a href="#[69]">rtos::Thread::~Thread__sub_object()</a> from .\build\thread.o(.text._ZN4rtos6ThreadD2Ev) referenced from .\build\thread.o(.rodata._ZTVN4rtos6ThreadE)
 <LI><a href="#[5b]">DirectSerial::poll(short) const</a> from .\build\mbed_retarget.o(.text._ZNK12DirectSerial4pollEs) referenced from .\build\mbed_retarget.o(.rodata._ZTV12DirectSerial)
 <LI><a href="#[58]">mbed::FileHandle::is_blocking() const</a> from .\build\file.o(.text._ZNK4mbed10FileHandle11is_blockingEv) referenced from .\build\mbed_retarget.o(.rodata._ZTV12DirectSerial)
 <LI><a href="#[58]">mbed::FileHandle::is_blocking() const</a> from .\build\file.o(.text._ZNK4mbed10FileHandle11is_blockingEv) referenced from .\build\filehandle.o(.rodata._ZTVN4mbed10FileHandleE)
 <LI><a href="#[61]">mbed::FileHandle::poll(short) const</a> from .\build\file.o(.text._ZNK4mbed10FileHandle4pollEs) referenced from .\build\filehandle.o(.rodata._ZTVN4mbed10FileHandleE)
 <LI><a href="#[5e]">__cxa_pure_virtual</a> from C:\Keil_v5\ARM\ARMCLANG\Bin\..\lib\libcxx\libcppabi_p.l(cxa_virtual.cpp.o)(.text.__cxa_pure_virtual) referenced 4 times from .\build\filehandle.o(.rodata._ZTVN4mbed10FileHandleE)
 <LI><a href="#[5e]">__cxa_pure_virtual</a> from C:\Keil_v5\ARM\ARMCLANG\Bin\..\lib\libcxx\libcppabi_p.l(cxa_virtual.cpp.o)(.text.__cxa_pure_virtual) referenced from .\build\timerevent.o(.rodata._ZTVN4mbed10TimerEventE)
 <LI><a href="#[25]">__main</a> from C:\Keil_v5\ARM\ARMCLANG\Bin\..\lib\armlib\c_p.l(__main.o)(!!!main) referenced from .\build\startup_stm32l072xx.o(.text)
 <LI><a href="#[79]">block_us_ticker_free</a> from .\build\mbed_us_ticker_api.o(.text.block_us_ticker_free) referenced from .\build\mbed_us_ticker_api.o(.rodata.us_interface)
 <LI><a href="#[6e]">lp_ticker_clear_interrupt</a> from .\build\lp_ticker.o(.text.lp_ticker_clear_interrupt) referenced from .\build\mbed_lp_ticker_api.o(.rodata.lp_interface)
 <LI><a href="#[6d]">lp_ticker_disable_interrupt</a> from .\build\lp_ticker.o(.text.lp_ticker_disable_interrupt) referenced from .\build\mbed_lp_ticker_api.o(.rodata.lp_interface)
 <LI><a href="#[70]">lp_ticker_fire_interrupt</a> from .\build\lp_ticker.o(.text.lp_ticker_fire_interrupt) referenced from .\build\mbed_lp_ticker_api.o(.rodata.lp_interface)
 <LI><a href="#[71]">lp_ticker_free</a> from .\build\lp_ticker.o(.text.lp_ticker_free) referenced from .\build\mbed_lp_ticker_api.o(.rodata.lp_interface)
 <LI><a href="#[72]">lp_ticker_get_info</a> from .\build\lp_ticker.o(.text.lp_ticker_get_info) referenced from .\build\mbed_lp_ticker_api.o(.rodata.lp_interface)
 <LI><a href="#[6b]">lp_ticker_init</a> from .\build\lp_ticker.o(.text.lp_ticker_init) referenced from .\build\mbed_lp_ticker_api.o(.rodata.lp_interface)
 <LI><a href="#[6c]">lp_ticker_read</a> from .\build\lp_ticker.o(.text.lp_ticker_read) referenced from .\build\mbed_lp_ticker_api.o(.rodata.lp_interface)
 <LI><a href="#[6f]">lp_ticker_set_interrupt</a> from .\build\lp_ticker.o(.text.lp_ticker_set_interrupt) referenced from .\build\mbed_lp_ticker_api.o(.rodata.lp_interface)
 <LI><a href="#[30]">mbed_start</a> from .\build\mbed_boot.o(.text.mbed_start) referenced from .\build\mbed_rtos_rtx.o(.text.mbed_rtos_start)
 <LI><a href="#[3c]">osRtxIdleThread</a> from .\build\mbed_rtx_handlers.o(.text.osRtxIdleThread) referenced from .\build\rtx_thread.o(.text.osRtxThreadStartup)
 <LI><a href="#[45]">osRtxMessageQueuePostProcess</a> from .\build\rtx_msgqueue.o(.text.osRtxMessageQueuePostProcess) referenced from .\build\rtx_msgqueue.o(.text.svcRtxMessageQueueNew)
 <LI><a href="#[46]">osRtxSemaphorePostProcess</a> from .\build\rtx_semaphore.o(.text.osRtxSemaphorePostProcess) referenced from .\build\rtx_semaphore.o(.text.svcRtxSemaphoreNew)
 <LI><a href="#[48]">osRtxThreadPostProcess</a> from .\build\rtx_thread.o(.text.osRtxThreadPostProcess) referenced from .\build\rtx_thread.o(.text.svcRtxThreadNew)
 <LI><a href="#[4a]">osRtxTimerSetup</a> from .\build\rtx_timer.o(.text.osRtxTimerSetup) referenced from .\build\rtx_lib.o(.rodata)
 <LI><a href="#[49]">osRtxTimerThread</a> from .\build\rtx_timer.o(.text.osRtxTimerThread) referenced from .\build\rtx_lib.o(.rodata)
 <LI><a href="#[3d]">osRtxTimerTick</a> from .\build\rtx_timer.o(.text.osRtxTimerTick) referenced from .\build\rtx_timer.o(.text.osRtxTimerSetup)
 <LI><a href="#[47]">osThreadExit</a> from .\build\rtx_thread.o(.text.osThreadExit) referenced from .\build\rtx_thread.o(.text.svcRtxThreadNew)
 <LI><a href="#[31]">svcRtxKernelGetState</a> from .\build\rtx_kernel.o(.text.svcRtxKernelGetState) referenced from .\build\rtx_kernel.o(.text.osKernelGetState)
 <LI><a href="#[32]">svcRtxKernelInitialize</a> from .\build\rtx_kernel.o(.text.svcRtxKernelInitialize) referenced from .\build\rtx_kernel.o(.text.osKernelInitialize)
 <LI><a href="#[33]">svcRtxKernelResume</a> from .\build\rtx_kernel.o(.text.svcRtxKernelResume) referenced from .\build\rtx_kernel.o(.text.osKernelResume)
 <LI><a href="#[34]">svcRtxKernelStart</a> from .\build\rtx_kernel.o(.text.svcRtxKernelStart) referenced from .\build\rtx_kernel.o(.text.osKernelStart)
 <LI><a href="#[35]">svcRtxKernelSuspend</a> from .\build\rtx_kernel.o(.text.svcRtxKernelSuspend) referenced from .\build\rtx_kernel.o(.text.osKernelSuspend)
 <LI><a href="#[36]">svcRtxMessageQueueGet</a> from .\build\rtx_msgqueue.o(.text.svcRtxMessageQueueGet) referenced from .\build\rtx_msgqueue.o(.text.osMessageQueueGet)
 <LI><a href="#[37]">svcRtxMessageQueuePut</a> from .\build\rtx_msgqueue.o(.text.svcRtxMessageQueuePut) referenced from .\build\rtx_msgqueue.o(.text.osMessageQueuePut)
 <LI><a href="#[38]">svcRtxMutexAcquire</a> from .\build\rtx_mutex.o(.text.svcRtxMutexAcquire) referenced from .\build\rtx_mutex.o(.text.osMutexAcquire)
 <LI><a href="#[39]">svcRtxMutexDelete</a> from .\build\rtx_mutex.o(.text.svcRtxMutexDelete) referenced from .\build\rtx_mutex.o(.text.osMutexDelete)
 <LI><a href="#[3a]">svcRtxMutexNew</a> from .\build\rtx_mutex.o(.text.svcRtxMutexNew) referenced from .\build\rtx_mutex.o(.text.osMutexNew)
 <LI><a href="#[3b]">svcRtxMutexRelease</a> from .\build\rtx_mutex.o(.text.svcRtxMutexRelease) referenced from .\build\rtx_mutex.o(.text.osMutexRelease)
 <LI><a href="#[3e]">svcRtxSemaphoreDelete</a> from .\build\rtx_semaphore.o(.text.svcRtxSemaphoreDelete) referenced from .\build\rtx_semaphore.o(.text.osSemaphoreDelete)
 <LI><a href="#[3f]">svcRtxSemaphoreNew</a> from .\build\rtx_semaphore.o(.text.svcRtxSemaphoreNew) referenced from .\build\rtx_semaphore.o(.text.osSemaphoreNew)
 <LI><a href="#[40]">svcRtxSemaphoreRelease</a> from .\build\rtx_semaphore.o(.text.svcRtxSemaphoreRelease) referenced from .\build\rtx_semaphore.o(.text.osSemaphoreRelease)
 <LI><a href="#[41]">svcRtxThreadExit</a> from .\build\rtx_thread.o(.text.svcRtxThreadExit) referenced from .\build\rtx_thread.o(.text.osThreadExit)
 <LI><a href="#[42]">svcRtxThreadGetId</a> from .\build\rtx_thread.o(.text.svcRtxThreadGetId) referenced from .\build\rtx_thread.o(.text.osThreadGetId)
 <LI><a href="#[43]">svcRtxThreadNew</a> from .\build\rtx_thread.o(.text.svcRtxThreadNew) referenced from .\build\rtx_thread.o(.text.osThreadNew)
 <LI><a href="#[44]">svcRtxThreadTerminate</a> from .\build\rtx_thread.o(.text.svcRtxThreadTerminate) referenced from .\build\rtx_thread.o(.text.osThreadTerminate)
 <LI><a href="#[7d]">ticker_irq_handler</a> from .\build\mbed_ticker_api.o(.text.ticker_irq_handler) referenced 2 times from .\build\mbed_lp_ticker_api.o(.data.irq_handler)
 <LI><a href="#[2c]">timer_irq_handler</a> from .\build\us_ticker.o(.text.timer_irq_handler) referenced from .\build\us_ticker.o(.text.__NVIC_SetVector)
 <LI><a href="#[76]">us_ticker_clear_interrupt</a> from .\build\us_ticker.o(.text.us_ticker_clear_interrupt) referenced from .\build\mbed_us_ticker_api.o(.rodata.us_interface)
 <LI><a href="#[75]">us_ticker_disable_interrupt</a> from .\build\us_ticker.o(.text.us_ticker_disable_interrupt) referenced from .\build\mbed_us_ticker_api.o(.rodata.us_interface)
 <LI><a href="#[78]">us_ticker_fire_interrupt</a> from .\build\us_ticker.o(.text.us_ticker_fire_interrupt) referenced from .\build\mbed_us_ticker_api.o(.rodata.us_interface)
 <LI><a href="#[7a]">us_ticker_get_info</a> from .\build\us_ticker.o(.text.us_ticker_get_info) referenced from .\build\mbed_us_ticker_api.o(.rodata.us_interface)
 <LI><a href="#[73]">us_ticker_init</a> from .\build\us_ticker.o(.text.us_ticker_init) referenced from .\build\mbed_us_ticker_api.o(.rodata.us_interface)
 <LI><a href="#[74]">us_ticker_read</a> from .\build\us_ticker.o(.text.us_ticker_read) referenced from .\build\mbed_us_ticker_api.o(.rodata.us_interface)
 <LI><a href="#[77]">us_ticker_set_interrupt</a> from .\build\us_ticker.o(.text.us_ticker_set_interrupt) referenced from .\build\mbed_us_ticker_api.o(.rodata.us_interface)
</UL>
<P>
<H3>
Global Symbols
</H3>
<P><STRONG><a name="[25]"></a>__main</STRONG> (Thumb, 8 bytes, Stack size 0 bytes, C:\Keil_v5\ARM\ARMCLANG\Bin\..\lib\armlib\c_p.l(__main.o)(!!!main))
<BR><BR>[Stack]<UL><LI>Max Depth = 768 + Unknown Stack Size
<LI>Call Chain = __main &rArr; __rt_entry &rArr; mbed_rtos_start &rArr; mbed_error &rArr; mbed_halt_system &rArr; mbed_die &rArr; gpio_init_out &rArr; gpio_init_out_ex &rArr; _gpio_init_out &rArr; gpio_init &rArr; gpio_set &rArr; pin_function &rArr; Set_GPIO_Clock &rArr; error &rArr;  mbed_halt_system (Cycle)
</UL>
<BR>[Calls]<UL><LI><a href="#[85]">&gt;&gt;</a>&nbsp;&nbsp;&nbsp;__rt_entry
<LI><a href="#[84]">&gt;&gt;</a>&nbsp;&nbsp;&nbsp;__scatterload
</UL>
<BR>[Address Reference Count : 1]<UL><LI> startup_stm32l072xx.o(.text)
</UL>
<P><STRONG><a name="[84]"></a>__scatterload</STRONG> (Thumb, 0 bytes, Stack size unknown bytes, C:\Keil_v5\ARM\ARMCLANG\Bin\..\lib\armlib\c_p.l(__scatter.o)(!!!scatter))
<BR><BR>[Called By]<UL><LI><a href="#[25]">&gt;&gt;</a>&nbsp;&nbsp;&nbsp;__main
</UL>

<P><STRONG><a name="[86]"></a>__scatterload_rt2</STRONG> (Thumb, 52 bytes, Stack size unknown bytes, C:\Keil_v5\ARM\ARMCLANG\Bin\..\lib\armlib\c_p.l(__scatter.o)(!!!scatter), UNUSED)
<BR><BR>[Calls]<UL><LI><a href="#[85]">&gt;&gt;</a>&nbsp;&nbsp;&nbsp;__rt_entry
</UL>

<P><STRONG><a name="[2c1]"></a>__scatterload_rt2_thumb_only</STRONG> (Thumb, 0 bytes, Stack size unknown bytes, C:\Keil_v5\ARM\ARMCLANG\Bin\..\lib\armlib\c_p.l(__scatter.o)(!!!scatter), UNUSED)

<P><STRONG><a name="[2c2]"></a>__scatterload_null</STRONG> (Thumb, 0 bytes, Stack size unknown bytes, C:\Keil_v5\ARM\ARMCLANG\Bin\..\lib\armlib\c_p.l(__scatter.o)(!!!scatter), UNUSED)

<P><STRONG><a name="[87]"></a>__scatterload_copy</STRONG> (Thumb, 26 bytes, Stack size unknown bytes, C:\Keil_v5\ARM\ARMCLANG\Bin\..\lib\armlib\c_p.l(__scatter_copy.o)(!!handler_copy), UNUSED)
<BR><BR>[Calls]<UL><LI><a href="#[87]">&gt;&gt;</a>&nbsp;&nbsp;&nbsp;__scatterload_copy
</UL>
<BR>[Called By]<UL><LI><a href="#[87]">&gt;&gt;</a>&nbsp;&nbsp;&nbsp;__scatterload_copy
</UL>

<P><STRONG><a name="[2c3]"></a>__scatterload_zeroinit</STRONG> (Thumb, 28 bytes, Stack size unknown bytes, C:\Keil_v5\ARM\ARMCLANG\Bin\..\lib\armlib\c_p.l(__scatter_zi.o)(!!handler_zi), UNUSED)

<P><STRONG><a name="[e0]"></a>$Super$$__rt_lib_init</STRONG> (Thumb, 0 bytes, Stack size unknown bytes, C:\Keil_v5\ARM\ARMCLANG\Bin\..\lib\armlib\c_p.l(libinit.o)(.ARM.Collect$$libinit$$00000000))
<BR><BR>[Called By]<UL><LI><a href="#[df]">&gt;&gt;</a>&nbsp;&nbsp;&nbsp;__rt_lib_init
</UL>

<P><STRONG><a name="[2c4]"></a>__rt_lib_init_fp_1</STRONG> (Thumb, 0 bytes, Stack size unknown bytes, C:\Keil_v5\ARM\ARMCLANG\Bin\..\lib\armlib\c_p.l(libinit2.o)(.ARM.Collect$$libinit$$00000002))

<P><STRONG><a name="[88]"></a>__rt_lib_init_heap_2</STRONG> (Thumb, 0 bytes, Stack size unknown bytes, C:\Keil_v5\ARM\ARMCLANG\Bin\..\lib\armlib\c_p.l(libinit2.o)(.ARM.Collect$$libinit$$00000005))
<BR><BR>[Stack]<UL><LI>Max Depth = 208 + Unknown Stack Size
<LI>Call Chain = __rt_lib_init_heap_2 &rArr; _init_alloc &rArr; __Heap_Initialize &rArr; _mutex_initialize &rArr; malloc &rArr; malloc_internal$concurrent &rArr; __Heap_Full &rArr; __Heap_ProvideMemory &rArr; free_internal$concurrent &rArr; _mutex_release &rArr; osMutexRelease &rArr; EvrRtxMutexError &rArr; trap_rtx_error &rArr;  mbed_error (Cycle)
</UL>
<BR>[Calls]<UL><LI><a href="#[89]">&gt;&gt;</a>&nbsp;&nbsp;&nbsp;_init_alloc
</UL>

<P><STRONG><a name="[2c5]"></a>__rt_lib_init_preinit_1</STRONG> (Thumb, 0 bytes, Stack size unknown bytes, C:\Keil_v5\ARM\ARMCLANG\Bin\..\lib\armlib\c_p.l(libinit2.o)(.ARM.Collect$$libinit$$00000004))

<P><STRONG><a name="[2c6]"></a>__rt_lib_init_atexit_1</STRONG> (Thumb, 0 bytes, Stack size unknown bytes, C:\Keil_v5\ARM\ARMCLANG\Bin\..\lib\armlib\c_p.l(libinit2.o)(.ARM.Collect$$libinit$$0000001B))

<P><STRONG><a name="[2c7]"></a>__rt_lib_init_clock_1</STRONG> (Thumb, 0 bytes, Stack size unknown bytes, C:\Keil_v5\ARM\ARMCLANG\Bin\..\lib\armlib\c_p.l(libinit2.o)(.ARM.Collect$$libinit$$00000021))

<P><STRONG><a name="[2c8]"></a>__rt_lib_init_fp_trap_1</STRONG> (Thumb, 0 bytes, Stack size unknown bytes, C:\Keil_v5\ARM\ARMCLANG\Bin\..\lib\armlib\c_p.l(libinit2.o)(.ARM.Collect$$libinit$$0000001F))

<P><STRONG><a name="[2c9]"></a>__rt_lib_init_getenv_1</STRONG> (Thumb, 0 bytes, Stack size unknown bytes, C:\Keil_v5\ARM\ARMCLANG\Bin\..\lib\armlib\c_p.l(libinit2.o)(.ARM.Collect$$libinit$$00000023))

<P><STRONG><a name="[2ca]"></a>__rt_lib_init_heap_1</STRONG> (Thumb, 0 bytes, Stack size unknown bytes, C:\Keil_v5\ARM\ARMCLANG\Bin\..\lib\armlib\c_p.l(libinit2.o)(.ARM.Collect$$libinit$$0000000A))

<P><STRONG><a name="[2cb]"></a>__rt_lib_init_lc_collate_1</STRONG> (Thumb, 0 bytes, Stack size unknown bytes, C:\Keil_v5\ARM\ARMCLANG\Bin\..\lib\armlib\c_p.l(libinit2.o)(.ARM.Collect$$libinit$$00000011))

<P><STRONG><a name="[2cc]"></a>__rt_lib_init_lc_ctype_1</STRONG> (Thumb, 0 bytes, Stack size unknown bytes, C:\Keil_v5\ARM\ARMCLANG\Bin\..\lib\armlib\c_p.l(libinit2.o)(.ARM.Collect$$libinit$$00000013))

<P><STRONG><a name="[2cd]"></a>__rt_lib_init_lc_monetary_1</STRONG> (Thumb, 0 bytes, Stack size unknown bytes, C:\Keil_v5\ARM\ARMCLANG\Bin\..\lib\armlib\c_p.l(libinit2.o)(.ARM.Collect$$libinit$$00000015))

<P><STRONG><a name="[2ce]"></a>__rt_lib_init_lc_numeric_1</STRONG> (Thumb, 0 bytes, Stack size unknown bytes, C:\Keil_v5\ARM\ARMCLANG\Bin\..\lib\armlib\c_p.l(libinit2.o)(.ARM.Collect$$libinit$$00000017))

<P><STRONG><a name="[2cf]"></a>__rt_lib_init_lc_time_1</STRONG> (Thumb, 0 bytes, Stack size unknown bytes, C:\Keil_v5\ARM\ARMCLANG\Bin\..\lib\armlib\c_p.l(libinit2.o)(.ARM.Collect$$libinit$$00000019))

<P><STRONG><a name="[2d0]"></a>__rt_lib_init_rand_1</STRONG> (Thumb, 0 bytes, Stack size unknown bytes, C:\Keil_v5\ARM\ARMCLANG\Bin\..\lib\armlib\c_p.l(libinit2.o)(.ARM.Collect$$libinit$$0000000E))

<P><STRONG><a name="[2d1]"></a>__rt_lib_init_signal_1</STRONG> (Thumb, 0 bytes, Stack size unknown bytes, C:\Keil_v5\ARM\ARMCLANG\Bin\..\lib\armlib\c_p.l(libinit2.o)(.ARM.Collect$$libinit$$0000001D))

<P><STRONG><a name="[8a]"></a>__rt_lib_init_stdio_2</STRONG> (Thumb, 0 bytes, Stack size unknown bytes, C:\Keil_v5\ARM\ARMCLANG\Bin\..\lib\armlib\c_p.l(libinit2.o)(.ARM.Collect$$libinit$$00000024))
<BR><BR>[Stack]<UL><LI>Max Depth = 952 + Unknown Stack Size
<LI>Call Chain = __rt_lib_init_stdio_2 &rArr; _initio &rArr; freopen &rArr; _freopen_locked &rArr; _sys_open &rArr; open &rArr; mbed::FilePath::FilePath(char const*) &rArr; mbed::FileBase::lookup(char const*, unsigned int) &rArr; rtos::Mutex::lock() &rArr; mbed_error &rArr; mbed_halt_system &rArr; mbed_die &rArr; gpio_init_out &rArr; gpio_init_out_ex &rArr; _gpio_init_out &rArr; gpio_init &rArr; gpio_set &rArr; pin_function &rArr; Set_GPIO_Clock &rArr; error &rArr;  mbed_halt_system (Cycle)
</UL>
<BR>[Calls]<UL><LI><a href="#[8b]">&gt;&gt;</a>&nbsp;&nbsp;&nbsp;_initio
</UL>

<P><STRONG><a name="[2d2]"></a>__rt_lib_init_user_alloc_1</STRONG> (Thumb, 0 bytes, Stack size unknown bytes, C:\Keil_v5\ARM\ARMCLANG\Bin\..\lib\armlib\c_p.l(libinit2.o)(.ARM.Collect$$libinit$$0000000C))

<P><STRONG><a name="[2d3]"></a>__rt_lib_init_alloca_1</STRONG> (Thumb, 0 bytes, Stack size unknown bytes, C:\Keil_v5\ARM\ARMCLANG\Bin\..\lib\armlib\c_p.l(libinit2.o)(.ARM.Collect$$libinit$$0000002E))

<P><STRONG><a name="[2d4]"></a>__rt_lib_init_argv_1</STRONG> (Thumb, 0 bytes, Stack size unknown bytes, C:\Keil_v5\ARM\ARMCLANG\Bin\..\lib\armlib\c_p.l(libinit2.o)(.ARM.Collect$$libinit$$0000002C))

<P><STRONG><a name="[8c]"></a>__rt_lib_init_cpp_2</STRONG> (Thumb, 0 bytes, Stack size unknown bytes, C:\Keil_v5\ARM\ARMCLANG\Bin\..\lib\armlib\c_p.l(libinit2.o)(.ARM.Collect$$libinit$$00000031))
<BR><BR>[Stack]<UL><LI>Max Depth = 16 + Unknown Stack Size
<LI>Call Chain = __rt_lib_init_cpp_2 &rArr; __cpp_initialize__aeabi_
</UL>
<BR>[Calls]<UL><LI><a href="#[83]">&gt;&gt;</a>&nbsp;&nbsp;&nbsp;__cpp_initialize__aeabi_
</UL>

<P><STRONG><a name="[2d5]"></a>__rt_lib_init_exceptions_1</STRONG> (Thumb, 0 bytes, Stack size unknown bytes, C:\Keil_v5\ARM\ARMCLANG\Bin\..\lib\armlib\c_p.l(libinit2.o)(.ARM.Collect$$libinit$$00000030))

<P><STRONG><a name="[2d6]"></a>__rt_lib_init_stdio_1</STRONG> (Thumb, 0 bytes, Stack size unknown bytes, C:\Keil_v5\ARM\ARMCLANG\Bin\..\lib\armlib\c_p.l(libinit2.o)(.ARM.Collect$$libinit$$00000025))

<P><STRONG><a name="[2d7]"></a>__rt_lib_init_cpp_1</STRONG> (Thumb, 0 bytes, Stack size unknown bytes, C:\Keil_v5\ARM\ARMCLANG\Bin\..\lib\armlib\c_p.l(libinit2.o)(.ARM.Collect$$libinit$$00000032))

<P><STRONG><a name="[2d8]"></a>__rt_lib_init_return</STRONG> (Thumb, 0 bytes, Stack size unknown bytes, C:\Keil_v5\ARM\ARMCLANG\Bin\..\lib\armlib\c_p.l(libinit2.o)(.ARM.Collect$$libinit$$00000033))

<P><STRONG><a name="[af]"></a>__aeabi_memcpy4</STRONG> (Thumb, 56 bytes, Stack size 0 bytes, C:\Keil_v5\ARM\ARMCLANG\Bin\..\lib\armlib\c_p.l(rt_memcpy.o)(.emb_text))
<BR><BR>[Called By]<UL><LI><a href="#[1ed]">&gt;&gt;</a>&nbsp;&nbsp;&nbsp;_serial_init_direct
<LI><a href="#[ae]">&gt;&gt;</a>&nbsp;&nbsp;&nbsp;__aeabi_memcpy
</UL>

<P><STRONG><a name="[2d9]"></a>__aeabi_memcpy8</STRONG> (Thumb, 0 bytes, Stack size 0 bytes, C:\Keil_v5\ARM\ARMCLANG\Bin\..\lib\armlib\c_p.l(rt_memcpy.o)(.emb_text), UNUSED)

<P><STRONG><a name="[2da]"></a>__rt_lib_shutdown_heap_2</STRONG> (Thumb, 0 bytes, Stack size 0 bytes, C:\Keil_v5\ARM\ARMCLANG\Bin\..\lib\armlib\c_p.l(libshutdown2.o)(.ARM.Collect$$libshutdown$$0000000F))

<P><STRONG><a name="[2db]"></a>__rt_lib_shutdown_stdio_2</STRONG> (Thumb, 0 bytes, Stack size 0 bytes, C:\Keil_v5\ARM\ARMCLANG\Bin\..\lib\armlib\c_p.l(libshutdown2.o)(.ARM.Collect$$libshutdown$$00000004))

<P><STRONG><a name="[2]"></a>HardFault_Handler</STRONG> (Thumb, 4 bytes, Stack size 0 bytes, .\build\except.o(.text))
<BR><BR>[Stack]<UL><LI>Max Depth = 768<LI>Call Chain = HardFault_Handler &rArr; Fault_Handler &rArr; mbed_fault_handler &rArr; mbed_error &rArr; mbed_halt_system &rArr; mbed_die &rArr; gpio_init_out &rArr; gpio_init_out_ex &rArr; _gpio_init_out &rArr; gpio_init &rArr; gpio_set &rArr; pin_function &rArr; Set_GPIO_Clock &rArr; error &rArr;  mbed_halt_system (Cycle)
</UL>
<BR>[Calls]<UL><LI><a href="#[8d]">&gt;&gt;</a>&nbsp;&nbsp;&nbsp;Fault_Handler
</UL>
<BR>[Address Reference Count : 1]<UL><LI> startup_stm32l072xx.o(RESET)
</UL>
<P><STRONG><a name="[8e]"></a>MemManage_Handler</STRONG> (Thumb, 4 bytes, Stack size 0 bytes, .\build\except.o(.text), UNUSED)
<BR><BR>[Calls]<UL><LI><a href="#[8d]">&gt;&gt;</a>&nbsp;&nbsp;&nbsp;Fault_Handler
</UL>

<P><STRONG><a name="[8f]"></a>BusFault_Handler</STRONG> (Thumb, 4 bytes, Stack size 0 bytes, .\build\except.o(.text), UNUSED)
<BR><BR>[Calls]<UL><LI><a href="#[8d]">&gt;&gt;</a>&nbsp;&nbsp;&nbsp;Fault_Handler
</UL>

<P><STRONG><a name="[2dc]"></a>UsageFault_Handler</STRONG> (Thumb, 2 bytes, Stack size 0 bytes, .\build\except.o(.text), UNUSED)

<P><STRONG><a name="[8d]"></a>Fault_Handler</STRONG> (Thumb, 74 bytes, Stack size 0 bytes, .\build\except.o(.text))
<BR><BR>[Stack]<UL><LI>Max Depth = 768<LI>Call Chain = Fault_Handler &rArr; mbed_fault_handler &rArr; mbed_error &rArr; mbed_halt_system &rArr; mbed_die &rArr; gpio_init_out &rArr; gpio_init_out_ex &rArr; _gpio_init_out &rArr; gpio_init &rArr; gpio_set &rArr; pin_function &rArr; Set_GPIO_Clock &rArr; error &rArr;  mbed_halt_system (Cycle)
</UL>
<BR>[Calls]<UL><LI><a href="#[90]">&gt;&gt;</a>&nbsp;&nbsp;&nbsp;mbed_fault_handler
</UL>
<BR>[Called By]<UL><LI><a href="#[8f]">&gt;&gt;</a>&nbsp;&nbsp;&nbsp;BusFault_Handler
<LI><a href="#[8e]">&gt;&gt;</a>&nbsp;&nbsp;&nbsp;MemManage_Handler
<LI><a href="#[2]">&gt;&gt;</a>&nbsp;&nbsp;&nbsp;HardFault_Handler
</UL>

<P><STRONG><a name="[3]"></a>SVC_Handler</STRONG> (Thumb, 132 bytes, Stack size 0 bytes, .\build\irq_cm0.o(.text))
<BR>[Address Reference Count : 1]<UL><LI> startup_stm32l072xx.o(RESET)
</UL>
<P><STRONG><a name="[4]"></a>PendSV_Handler</STRONG> (Thumb, 12 bytes, Stack size 0 bytes, .\build\irq_cm0.o(.text))
<BR><BR>[Stack]<UL><LI>Max Depth = 56<LI>Call Chain = PendSV_Handler &rArr; osRtxPendSV_Handler &rArr; osRtxThreadDispatch &rArr; osRtxThreadReadyPut &rArr; osRtxThreadListPut
</UL>
<BR>[Calls]<UL><LI><a href="#[91]">&gt;&gt;</a>&nbsp;&nbsp;&nbsp;osRtxPendSV_Handler
</UL>
<BR>[Address Reference Count : 1]<UL><LI> startup_stm32l072xx.o(RESET)
</UL>
<P><STRONG><a name="[5]"></a>SysTick_Handler</STRONG> (Thumb, 12 bytes, Stack size 0 bytes, .\build\irq_cm0.o(.text))
<BR><BR>[Stack]<UL><LI>Max Depth = 80<LI>Call Chain = SysTick_Handler &rArr; osRtxTick_Handler &rArr; osRtxThreadDelayTick &rArr; osRtxMutexOwnerRestore &rArr; osRtxThreadListSort &rArr; osRtxThreadListPut
</UL>
<BR>[Calls]<UL><LI><a href="#[92]">&gt;&gt;</a>&nbsp;&nbsp;&nbsp;osRtxTick_Handler
</UL>
<BR>[Address Reference Count : 2]<UL><LI> rtx_kernel.o(.text.svcRtxKernelStart)
<LI> startup_stm32l072xx.o(RESET)
</UL>
<P><STRONG><a name="[0]"></a>Reset_Handler</STRONG> (Thumb, 8 bytes, Stack size 0 bytes, .\build\startup_stm32l072xx.o(.text))
<BR>[Address Reference Count : 1]<UL><LI> startup_stm32l072xx.o(RESET)
</UL>
<P><STRONG><a name="[1]"></a>NMI_Handler</STRONG> (Thumb, 2 bytes, Stack size 0 bytes, .\build\startup_stm32l072xx.o(.text))
<BR><BR>[Calls]<UL><LI><a href="#[1]">&gt;&gt;</a>&nbsp;&nbsp;&nbsp;NMI_Handler
</UL>
<BR>[Called By]<UL><LI><a href="#[1]">&gt;&gt;</a>&nbsp;&nbsp;&nbsp;NMI_Handler
</UL>
<BR>[Address Reference Count : 1]<UL><LI> startup_stm32l072xx.o(RESET)
</UL>
<P><STRONG><a name="[12]"></a>ADC1_COMP_IRQHandler</STRONG> (Thumb, 0 bytes, Stack size 0 bytes, .\build\startup_stm32l072xx.o(.text))
<BR><BR>[Calls]<UL><LI><a href="#[12]">&gt;&gt;</a>&nbsp;&nbsp;&nbsp;ADC1_COMP_IRQHandler
</UL>
<BR>[Called By]<UL><LI><a href="#[12]">&gt;&gt;</a>&nbsp;&nbsp;&nbsp;ADC1_COMP_IRQHandler
</UL>
<BR>[Address Reference Count : 1]<UL><LI> startup_stm32l072xx.o(RESET)
</UL>
<P><STRONG><a name="[f]"></a>DMA1_Channel1_IRQHandler</STRONG> (Thumb, 0 bytes, Stack size 0 bytes, .\build\startup_stm32l072xx.o(.text))
<BR>[Address Reference Count : 1]<UL><LI> startup_stm32l072xx.o(RESET)
</UL>
<P><STRONG><a name="[10]"></a>DMA1_Channel2_3_IRQHandler</STRONG> (Thumb, 0 bytes, Stack size 0 bytes, .\build\startup_stm32l072xx.o(.text))
<BR>[Address Reference Count : 1]<UL><LI> startup_stm32l072xx.o(RESET)
</UL>
<P><STRONG><a name="[11]"></a>DMA1_Channel4_5_6_7_IRQHandler</STRONG> (Thumb, 0 bytes, Stack size 0 bytes, .\build\startup_stm32l072xx.o(.text))
<BR>[Address Reference Count : 1]<UL><LI> startup_stm32l072xx.o(RESET)
</UL>
<P><STRONG><a name="[b]"></a>EXTI0_1_IRQHandler</STRONG> (Thumb, 0 bytes, Stack size 0 bytes, .\build\startup_stm32l072xx.o(.text))
<BR>[Address Reference Count : 1]<UL><LI> startup_stm32l072xx.o(RESET)
</UL>
<P><STRONG><a name="[c]"></a>EXTI2_3_IRQHandler</STRONG> (Thumb, 0 bytes, Stack size 0 bytes, .\build\startup_stm32l072xx.o(.text))
<BR>[Address Reference Count : 1]<UL><LI> startup_stm32l072xx.o(RESET)
</UL>
<P><STRONG><a name="[d]"></a>EXTI4_15_IRQHandler</STRONG> (Thumb, 0 bytes, Stack size 0 bytes, .\build\startup_stm32l072xx.o(.text))
<BR>[Address Reference Count : 1]<UL><LI> startup_stm32l072xx.o(RESET)
</UL>
<P><STRONG><a name="[9]"></a>FLASH_IRQHandler</STRONG> (Thumb, 0 bytes, Stack size 0 bytes, .\build\startup_stm32l072xx.o(.text))
<BR>[Address Reference Count : 1]<UL><LI> startup_stm32l072xx.o(RESET)
</UL>
<P><STRONG><a name="[1c]"></a>I2C1_IRQHandler</STRONG> (Thumb, 0 bytes, Stack size 0 bytes, .\build\startup_stm32l072xx.o(.text))
<BR>[Address Reference Count : 1]<UL><LI> startup_stm32l072xx.o(RESET)
</UL>
<P><STRONG><a name="[1d]"></a>I2C2_IRQHandler</STRONG> (Thumb, 0 bytes, Stack size 0 bytes, .\build\startup_stm32l072xx.o(.text))
<BR>[Address Reference Count : 1]<UL><LI> startup_stm32l072xx.o(RESET)
</UL>
<P><STRONG><a name="[1a]"></a>I2C3_IRQHandler</STRONG> (Thumb, 0 bytes, Stack size 0 bytes, .\build\startup_stm32l072xx.o(.text))
<BR>[Address Reference Count : 1]<UL><LI> startup_stm32l072xx.o(RESET)
</UL>
<P><STRONG><a name="[13]"></a>LPTIM1_IRQHandler</STRONG> (Thumb, 0 bytes, Stack size 0 bytes, .\build\startup_stm32l072xx.o(.text))
<BR>[Address Reference Count : 1]<UL><LI> startup_stm32l072xx.o(RESET)
</UL>
<P><STRONG><a name="[7]"></a>PVD_IRQHandler</STRONG> (Thumb, 0 bytes, Stack size 0 bytes, .\build\startup_stm32l072xx.o(.text))
<BR>[Address Reference Count : 1]<UL><LI> startup_stm32l072xx.o(RESET)
</UL>
<P><STRONG><a name="[a]"></a>RCC_CRS_IRQHandler</STRONG> (Thumb, 0 bytes, Stack size 0 bytes, .\build\startup_stm32l072xx.o(.text))
<BR>[Address Reference Count : 1]<UL><LI> startup_stm32l072xx.o(RESET)
</UL>
<P><STRONG><a name="[22]"></a>RNG_LPUART1_IRQHandler</STRONG> (Thumb, 0 bytes, Stack size 0 bytes, .\build\startup_stm32l072xx.o(.text))
<BR>[Address Reference Count : 1]<UL><LI> startup_stm32l072xx.o(RESET)
</UL>
<P><STRONG><a name="[8]"></a>RTC_IRQHandler</STRONG> (Thumb, 0 bytes, Stack size 0 bytes, .\build\startup_stm32l072xx.o(.text))
<BR>[Address Reference Count : 1]<UL><LI> startup_stm32l072xx.o(RESET)
</UL>
<P><STRONG><a name="[1e]"></a>SPI1_IRQHandler</STRONG> (Thumb, 0 bytes, Stack size 0 bytes, .\build\startup_stm32l072xx.o(.text))
<BR>[Address Reference Count : 1]<UL><LI> startup_stm32l072xx.o(RESET)
</UL>
<P><STRONG><a name="[1f]"></a>SPI2_IRQHandler</STRONG> (Thumb, 0 bytes, Stack size 0 bytes, .\build\startup_stm32l072xx.o(.text))
<BR>[Address Reference Count : 1]<UL><LI> startup_stm32l072xx.o(RESET)
</UL>
<P><STRONG><a name="[19]"></a>TIM21_IRQHandler</STRONG> (Thumb, 0 bytes, Stack size 0 bytes, .\build\startup_stm32l072xx.o(.text))
<BR>[Address Reference Count : 1]<UL><LI> startup_stm32l072xx.o(RESET)
</UL>
<P><STRONG><a name="[1b]"></a>TIM22_IRQHandler</STRONG> (Thumb, 0 bytes, Stack size 0 bytes, .\build\startup_stm32l072xx.o(.text))
<BR>[Address Reference Count : 1]<UL><LI> startup_stm32l072xx.o(RESET)
</UL>
<P><STRONG><a name="[15]"></a>TIM2_IRQHandler</STRONG> (Thumb, 0 bytes, Stack size 0 bytes, .\build\startup_stm32l072xx.o(.text))
<BR>[Address Reference Count : 1]<UL><LI> startup_stm32l072xx.o(RESET)
</UL>
<P><STRONG><a name="[16]"></a>TIM3_IRQHandler</STRONG> (Thumb, 0 bytes, Stack size 0 bytes, .\build\startup_stm32l072xx.o(.text))
<BR>[Address Reference Count : 1]<UL><LI> startup_stm32l072xx.o(RESET)
</UL>
<P><STRONG><a name="[17]"></a>TIM6_DAC_IRQHandler</STRONG> (Thumb, 0 bytes, Stack size 0 bytes, .\build\startup_stm32l072xx.o(.text))
<BR>[Address Reference Count : 1]<UL><LI> startup_stm32l072xx.o(RESET)
</UL>
<P><STRONG><a name="[18]"></a>TIM7_IRQHandler</STRONG> (Thumb, 0 bytes, Stack size 0 bytes, .\build\startup_stm32l072xx.o(.text))
<BR>[Address Reference Count : 1]<UL><LI> startup_stm32l072xx.o(RESET)
</UL>
<P><STRONG><a name="[e]"></a>TSC_IRQHandler</STRONG> (Thumb, 0 bytes, Stack size 0 bytes, .\build\startup_stm32l072xx.o(.text))
<BR>[Address Reference Count : 1]<UL><LI> startup_stm32l072xx.o(RESET)
</UL>
<P><STRONG><a name="[20]"></a>USART1_IRQHandler</STRONG> (Thumb, 0 bytes, Stack size 0 bytes, .\build\startup_stm32l072xx.o(.text))
<BR>[Address Reference Count : 1]<UL><LI> startup_stm32l072xx.o(RESET)
</UL>
<P><STRONG><a name="[21]"></a>USART2_IRQHandler</STRONG> (Thumb, 0 bytes, Stack size 0 bytes, .\build\startup_stm32l072xx.o(.text))
<BR>[Address Reference Count : 1]<UL><LI> startup_stm32l072xx.o(RESET)
</UL>
<P><STRONG><a name="[14]"></a>USART4_5_IRQHandler</STRONG> (Thumb, 0 bytes, Stack size 0 bytes, .\build\startup_stm32l072xx.o(.text))
<BR>[Address Reference Count : 1]<UL><LI> startup_stm32l072xx.o(RESET)
</UL>
<P><STRONG><a name="[23]"></a>USB_IRQHandler</STRONG> (Thumb, 0 bytes, Stack size 0 bytes, .\build\startup_stm32l072xx.o(.text))
<BR>[Address Reference Count : 1]<UL><LI> startup_stm32l072xx.o(RESET)
</UL>
<P><STRONG><a name="[6]"></a>WWDG_IRQHandler</STRONG> (Thumb, 0 bytes, Stack size 0 bytes, .\build\startup_stm32l072xx.o(.text))
<BR>[Address Reference Count : 1]<UL><LI> startup_stm32l072xx.o(RESET)
</UL>
<P><STRONG><a name="[2dd]"></a>__use_no_semihosting</STRONG> (Thumb, 2 bytes, Stack size 0 bytes, C:\Keil_v5\ARM\ARMCLANG\Bin\..\lib\armlib\c_p.l(use_no_semi_2.o)(.text), UNUSED)

<P><STRONG><a name="[93]"></a>__aeabi_errno_addr</STRONG> (Thumb, 8 bytes, Stack size 8 bytes, C:\Keil_v5\ARM\ARMCLANG\Bin\..\lib\armlib\c_p.l(rt_errno_addr_twolibspace.o)(.text))
<BR><BR>[Stack]<UL><LI>Max Depth = 48<LI>Call Chain = __aeabi_errno_addr &rArr; __user_perthread_libspace &rArr; os_kernel_is_active &rArr; osKernelGetState &rArr; svcRtxKernelGetState
</UL>
<BR>[Calls]<UL><LI><a href="#[94]">&gt;&gt;</a>&nbsp;&nbsp;&nbsp;__user_perthread_libspace
</UL>
<BR>[Called By]<UL><LI><a href="#[1f7]">&gt;&gt;</a>&nbsp;&nbsp;&nbsp;write
<LI><a href="#[154]">&gt;&gt;</a>&nbsp;&nbsp;&nbsp;reserve_filehandle()
<LI><a href="#[153]">&gt;&gt;</a>&nbsp;&nbsp;&nbsp;handle_open_errors(int, unsigned int)
<LI><a href="#[1f4]">&gt;&gt;</a>&nbsp;&nbsp;&nbsp;lseek
<LI><a href="#[146]">&gt;&gt;</a>&nbsp;&nbsp;&nbsp;isatty
<LI><a href="#[211]">&gt;&gt;</a>&nbsp;&nbsp;&nbsp;fsync
<LI><a href="#[1f0]">&gt;&gt;</a>&nbsp;&nbsp;&nbsp;close
<LI><a href="#[c6]">&gt;&gt;</a>&nbsp;&nbsp;&nbsp;_sys_write
<LI><a href="#[a0]">&gt;&gt;</a>&nbsp;&nbsp;&nbsp;_sys_flen
<LI><a href="#[9f]">&gt;&gt;</a>&nbsp;&nbsp;&nbsp;_ftell_internal
</UL>

<P><STRONG><a name="[2de]"></a>__errno$twolibspace</STRONG> (Thumb, 0 bytes, Stack size 8 bytes, C:\Keil_v5\ARM\ARMCLANG\Bin\..\lib\armlib\c_p.l(rt_errno_addr_twolibspace.o)(.text), UNUSED)

<P><STRONG><a name="[2df]"></a>__rt_errno_addr$twolibspace</STRONG> (Thumb, 0 bytes, Stack size 8 bytes, C:\Keil_v5\ARM\ARMCLANG\Bin\..\lib\armlib\c_p.l(rt_errno_addr_twolibspace.o)(.text), UNUSED)

<P><STRONG><a name="[97]"></a>malloc_internal$concurrent</STRONG> (Thumb, 126 bytes, Stack size 24 bytes, C:\Keil_v5\ARM\ARMCLANG\Bin\..\lib\armlib\c_p.l(h1_alloc_threads.o)(.text))
<BR><BR>[Stack]<UL><LI>Max Depth = 136<LI>Call Chain = malloc_internal$concurrent &rArr; __Heap_Full &rArr; __Heap_ProvideMemory &rArr; free_internal$concurrent &rArr; _mutex_release &rArr; osMutexRelease &rArr; EvrRtxMutexError &rArr; trap_rtx_error &rArr;  mbed_error (Cycle)
</UL>
<BR>[Calls]<UL><LI><a href="#[80]">&gt;&gt;</a>&nbsp;&nbsp;&nbsp;_mutex_release
<LI><a href="#[7f]">&gt;&gt;</a>&nbsp;&nbsp;&nbsp;_mutex_acquire
<LI><a href="#[95]">&gt;&gt;</a>&nbsp;&nbsp;&nbsp;Heap1_SizeAdjust
<LI><a href="#[98]">&gt;&gt;</a>&nbsp;&nbsp;&nbsp;__Heap_Full
</UL>
<BR>[Called By]<UL><LI><a href="#[99]">&gt;&gt;</a>&nbsp;&nbsp;&nbsp;malloc
</UL>

<P><STRONG><a name="[99]"></a>malloc</STRONG> (Thumb, 20 bytes, Stack size 8 bytes, C:\Keil_v5\ARM\ARMCLANG\Bin\..\lib\armlib\c_p.l(h1_alloc_threads.o)(.text))
<BR><BR>[Stack]<UL><LI>Max Depth = 144<LI>Call Chain = malloc &rArr; malloc_internal$concurrent &rArr; __Heap_Full &rArr; __Heap_ProvideMemory &rArr; free_internal$concurrent &rArr; _mutex_release &rArr; osMutexRelease &rArr; EvrRtxMutexError &rArr; trap_rtx_error &rArr;  mbed_error (Cycle)
</UL>
<BR>[Calls]<UL><LI><a href="#[97]">&gt;&gt;</a>&nbsp;&nbsp;&nbsp;malloc_internal$concurrent
<LI><a href="#[9a]">&gt;&gt;</a>&nbsp;&nbsp;&nbsp;__rt_heap_descriptor
</UL>
<BR>[Called By]<UL><LI><a href="#[1c2]">&gt;&gt;</a>&nbsp;&nbsp;&nbsp;operator new[](unsigned int, std::nothrow_t const&)
<LI><a href="#[7e]">&gt;&gt;</a>&nbsp;&nbsp;&nbsp;_mutex_initialize
<LI><a href="#[c2]">&gt;&gt;</a>&nbsp;&nbsp;&nbsp;__flsbuf
<LI><a href="#[ad]">&gt;&gt;</a>&nbsp;&nbsp;&nbsp;fopen
</UL>

<P><STRONG><a name="[9b]"></a>free_internal$concurrent</STRONG> (Thumb, 96 bytes, Stack size 24 bytes, C:\Keil_v5\ARM\ARMCLANG\Bin\..\lib\armlib\c_p.l(h1_free_threads.o)(.text))
<BR><BR>[Stack]<UL><LI>Max Depth = 80<LI>Call Chain = free_internal$concurrent &rArr; _mutex_release &rArr; osMutexRelease &rArr; EvrRtxMutexError &rArr; trap_rtx_error &rArr;  mbed_error (Cycle)
</UL>
<BR>[Calls]<UL><LI><a href="#[80]">&gt;&gt;</a>&nbsp;&nbsp;&nbsp;_mutex_release
<LI><a href="#[7f]">&gt;&gt;</a>&nbsp;&nbsp;&nbsp;_mutex_acquire
</UL>
<BR>[Called By]<UL><LI><a href="#[9c]">&gt;&gt;</a>&nbsp;&nbsp;&nbsp;free
<LI><a href="#[be]">&gt;&gt;</a>&nbsp;&nbsp;&nbsp;__Heap_ProvideMemory
</UL>

<P><STRONG><a name="[9c]"></a>free</STRONG> (Thumb, 20 bytes, Stack size 8 bytes, C:\Keil_v5\ARM\ARMCLANG\Bin\..\lib\armlib\c_p.l(h1_free_threads.o)(.text))
<BR><BR>[Stack]<UL><LI>Max Depth = 88<LI>Call Chain = free &rArr; free_internal$concurrent &rArr; _mutex_release &rArr; osMutexRelease &rArr; EvrRtxMutexError &rArr; trap_rtx_error &rArr;  mbed_error (Cycle)
</UL>
<BR>[Calls]<UL><LI><a href="#[9b]">&gt;&gt;</a>&nbsp;&nbsp;&nbsp;free_internal$concurrent
<LI><a href="#[9a]">&gt;&gt;</a>&nbsp;&nbsp;&nbsp;__rt_heap_descriptor
</UL>
<BR>[Called By]<UL><LI><a href="#[160]">&gt;&gt;</a>&nbsp;&nbsp;&nbsp;operator delete(void*)
<LI><a href="#[1c4]">&gt;&gt;</a>&nbsp;&nbsp;&nbsp;operator delete[](void*)
<LI><a href="#[81]">&gt;&gt;</a>&nbsp;&nbsp;&nbsp;_mutex_free
<LI><a href="#[c9]">&gt;&gt;</a>&nbsp;&nbsp;&nbsp;_terminateio
<LI><a href="#[a2]">&gt;&gt;</a>&nbsp;&nbsp;&nbsp;_fclose_internal
</UL>

<P><STRONG><a name="[202]"></a>__aeabi_llsl</STRONG> (Thumb, 32 bytes, Stack size 8 bytes, C:\Keil_v5\ARM\ARMCLANG\Bin\..\lib\armlib\c_p.l(llshl.o)(.text))
<BR><BR>[Stack]<UL><LI>Max Depth = 8<LI>Call Chain = __aeabi_llsl
</UL>
<BR>[Called By]<UL><LI><a href="#[227]">&gt;&gt;</a>&nbsp;&nbsp;&nbsp;update_present_time
<LI><a href="#[201]">&gt;&gt;</a>&nbsp;&nbsp;&nbsp;compute_tick_round_up
</UL>

<P><STRONG><a name="[2e0]"></a>_ll_shift_l</STRONG> (Thumb, 0 bytes, Stack size 8 bytes, C:\Keil_v5\ARM\ARMCLANG\Bin\..\lib\armlib\c_p.l(llshl.o)(.text), UNUSED)

<P><STRONG><a name="[203]"></a>__aeabi_llsr</STRONG> (Thumb, 34 bytes, Stack size 8 bytes, C:\Keil_v5\ARM\ARMCLANG\Bin\..\lib\armlib\c_p.l(llushr.o)(.text))
<BR><BR>[Stack]<UL><LI>Max Depth = 8<LI>Call Chain = __aeabi_llsr
</UL>
<BR>[Called By]<UL><LI><a href="#[227]">&gt;&gt;</a>&nbsp;&nbsp;&nbsp;update_present_time
<LI><a href="#[201]">&gt;&gt;</a>&nbsp;&nbsp;&nbsp;compute_tick_round_up
</UL>

<P><STRONG><a name="[2e1]"></a>_ll_ushift_r</STRONG> (Thumb, 0 bytes, Stack size 8 bytes, C:\Keil_v5\ARM\ARMCLANG\Bin\..\lib\armlib\c_p.l(llushr.o)(.text), UNUSED)

<P><STRONG><a name="[1ae]"></a>__aeabi_lmul</STRONG> (Thumb, 48 bytes, Stack size 12 bytes, C:\Keil_v5\ARM\ARMCLANG\Bin\..\lib\armlib\c_p.l(llmul.o)(.text))
<BR><BR>[Stack]<UL><LI>Max Depth = 12<LI>Call Chain = __aeabi_lmul
</UL>
<BR>[Called By]<UL><LI><a href="#[245]">&gt;&gt;</a>&nbsp;&nbsp;&nbsp;mbed_minimal_formatted_string_integer
<LI><a href="#[1aa]">&gt;&gt;</a>&nbsp;&nbsp;&nbsp;mbed::internal::SysTimer&lang;std::__2::ratio&lang;1ll, 1000ll&rang;, true&rang;::update_and_get_tick()
<LI><a href="#[1a6]">&gt;&gt;</a>&nbsp;&nbsp;&nbsp;mbed::internal::SysTimer&lang;std::__2::ratio&lang;1ll, 1000ll&rang;, true&rang;::set_wake_time(std::__2::chrono::time_point&lang;mbed::internal::SysTimer&lang;std::__2::ratio&lang;1ll, 1000ll&rang;, true&rang;, std::__2::chrono::duration&lang;unsigned long long, std::__2::ratio&lang;1ll, 1000ll&rang; &rang; &rang;)
<LI><a href="#[227]">&gt;&gt;</a>&nbsp;&nbsp;&nbsp;update_present_time
<LI><a href="#[225]">&gt;&gt;</a>&nbsp;&nbsp;&nbsp;initialize
<LI><a href="#[201]">&gt;&gt;</a>&nbsp;&nbsp;&nbsp;compute_tick_round_up
</UL>

<P><STRONG><a name="[2e2]"></a>_ll_mul</STRONG> (Thumb, 0 bytes, Stack size 12 bytes, C:\Keil_v5\ARM\ARMCLANG\Bin\..\lib\armlib\c_p.l(llmul.o)(.text), UNUSED)

<P><STRONG><a name="[131]"></a>__aeabi_uldivmod</STRONG> (Thumb, 272 bytes, Stack size 32 bytes, C:\Keil_v5\ARM\ARMCLANG\Bin\..\lib\armlib\c_p.l(lludiv.o)(.text))
<BR><BR>[Stack]<UL><LI>Max Depth = 32<LI>Call Chain = __aeabi_uldivmod
</UL>
<BR>[Called By]<UL><LI><a href="#[245]">&gt;&gt;</a>&nbsp;&nbsp;&nbsp;mbed_minimal_formatted_string_integer
<LI><a href="#[227]">&gt;&gt;</a>&nbsp;&nbsp;&nbsp;update_present_time
<LI><a href="#[225]">&gt;&gt;</a>&nbsp;&nbsp;&nbsp;initialize
<LI><a href="#[201]">&gt;&gt;</a>&nbsp;&nbsp;&nbsp;compute_tick_round_up
<LI><a href="#[10e]">&gt;&gt;</a>&nbsp;&nbsp;&nbsp;UART_SetConfig
<LI><a href="#[1b1]">&gt;&gt;</a>&nbsp;&nbsp;&nbsp;mbed::internal::SysTimer&lang;std::__2::ratio&lang;1ll, 1000ll&rang;, true&rang;::_elapsed_ticks() const
</UL>

<P><STRONG><a name="[2e3]"></a>_ll_udiv</STRONG> (Thumb, 0 bytes, Stack size 32 bytes, C:\Keil_v5\ARM\ARMCLANG\Bin\..\lib\armlib\c_p.l(lludiv.o)(.text), UNUSED)

<P><STRONG><a name="[9d]"></a>_fseek</STRONG> (Thumb, 240 bytes, Stack size 24 bytes, C:\Keil_v5\ARM\ARMCLANG\Bin\..\lib\armlib\c_p.l(fseek.o)(.text))
<BR><BR>[Stack]<UL><LI>Max Depth = 136<LI>Call Chain = _fseek &rArr; _sys_istty &rArr; isatty &rArr; mbed::mbed_file_handle(int) &rArr; get_console(int) &rArr; default_console() &rArr; __cxa_guard_acquire &rArr; singleton_unlock() &rArr; osMutexRelease &rArr; EvrRtxMutexError &rArr; trap_rtx_error &rArr;  mbed_error (Cycle)
</UL>
<BR>[Calls]<UL><LI><a href="#[9e]">&gt;&gt;</a>&nbsp;&nbsp;&nbsp;_sys_istty
<LI><a href="#[a0]">&gt;&gt;</a>&nbsp;&nbsp;&nbsp;_sys_flen
<LI><a href="#[a1]">&gt;&gt;</a>&nbsp;&nbsp;&nbsp;_seterr
<LI><a href="#[9f]">&gt;&gt;</a>&nbsp;&nbsp;&nbsp;_ftell_internal
</UL>
<BR>[Called By]<UL><LI><a href="#[aa]">&gt;&gt;</a>&nbsp;&nbsp;&nbsp;_freopen_locked
<LI><a href="#[a8]">&gt;&gt;</a>&nbsp;&nbsp;&nbsp;_do_fflush
</UL>

<P><STRONG><a name="[2e4]"></a>_fseek$unlocked</STRONG> (Thumb, 0 bytes, Stack size 24 bytes, C:\Keil_v5\ARM\ARMCLANG\Bin\..\lib\armlib\c_p.l(fseek.o)(.text), UNUSED)

<P><STRONG><a name="[2e5]"></a>_ftell$unlocked</STRONG> (Thumb, 0 bytes, Stack size 8 bytes, C:\Keil_v5\ARM\ARMCLANG\Bin\..\lib\armlib\c_p.l(ftell.o)(.text), UNUSED)

<P><STRONG><a name="[9f]"></a>_ftell_internal</STRONG> (Thumb, 66 bytes, Stack size 8 bytes, C:\Keil_v5\ARM\ARMCLANG\Bin\..\lib\armlib\c_p.l(ftell.o)(.text))
<BR><BR>[Stack]<UL><LI>Max Depth = 56<LI>Call Chain = _ftell_internal &rArr; __aeabi_errno_addr &rArr; __user_perthread_libspace &rArr; os_kernel_is_active &rArr; osKernelGetState &rArr; svcRtxKernelGetState
</UL>
<BR>[Calls]<UL><LI><a href="#[93]">&gt;&gt;</a>&nbsp;&nbsp;&nbsp;__aeabi_errno_addr
</UL>
<BR>[Called By]<UL><LI><a href="#[9d]">&gt;&gt;</a>&nbsp;&nbsp;&nbsp;_fseek
</UL>

<P><STRONG><a name="[2e6]"></a>_fclose$unlocked</STRONG> (Thumb, 0 bytes, Stack size 32 bytes, C:\Keil_v5\ARM\ARMCLANG\Bin\..\lib\armlib\c_p.l(fclose.o)(.text), UNUSED)

<P><STRONG><a name="[a2]"></a>_fclose_internal</STRONG> (Thumb, 72 bytes, Stack size 32 bytes, C:\Keil_v5\ARM\ARMCLANG\Bin\..\lib\armlib\c_p.l(fclose.o)(.text))
<BR><BR>[Stack]<UL><LI>Max Depth = 240<LI>Call Chain = _fclose_internal &rArr; _fflush &rArr; _writebuf &rArr; _sys_write &rArr;  mbed_error (Cycle)
</UL>
<BR>[Calls]<UL><LI><a href="#[a4]">&gt;&gt;</a>&nbsp;&nbsp;&nbsp;_sys_close
<LI><a href="#[9c]">&gt;&gt;</a>&nbsp;&nbsp;&nbsp;free
<LI><a href="#[a3]">&gt;&gt;</a>&nbsp;&nbsp;&nbsp;_fflush
<LI><a href="#[a5]">&gt;&gt;</a>&nbsp;&nbsp;&nbsp;__aeabi_memclr4
</UL>
<BR>[Called By]<UL><LI><a href="#[c9]">&gt;&gt;</a>&nbsp;&nbsp;&nbsp;_terminateio
<LI><a href="#[aa]">&gt;&gt;</a>&nbsp;&nbsp;&nbsp;_freopen_locked
</UL>

<P><STRONG><a name="[a6]"></a>fputc</STRONG> (Thumb, 36 bytes, Stack size 16 bytes, C:\Keil_v5\ARM\ARMCLANG\Bin\..\lib\armlib\c_p.l(fputc_locked.o)(.text))
<BR><BR>[Stack]<UL><LI>Max Depth = 72<LI>Call Chain = fputc &rArr; _mutex_release &rArr; osMutexRelease &rArr; EvrRtxMutexError &rArr; trap_rtx_error &rArr;  mbed_error (Cycle)
</UL>
<BR>[Calls]<UL><LI><a href="#[80]">&gt;&gt;</a>&nbsp;&nbsp;&nbsp;_mutex_release
<LI><a href="#[7f]">&gt;&gt;</a>&nbsp;&nbsp;&nbsp;_mutex_acquire
<LI><a href="#[a7]">&gt;&gt;</a>&nbsp;&nbsp;&nbsp;_fputc$unlocked
</UL>
<BR>[Called By]<UL><LI><a href="#[246]">&gt;&gt;</a>&nbsp;&nbsp;&nbsp;mbed_minimal_putchar
</UL>

<P><STRONG><a name="[a8]"></a>_do_fflush</STRONG> (Thumb, 70 bytes, Stack size 24 bytes, C:\Keil_v5\ARM\ARMCLANG\Bin\..\lib\armlib\c_p.l(fflush_locked.o)(.text))
<BR><BR>[Stack]<UL><LI>Max Depth = 232<LI>Call Chain = _do_fflush &rArr; _fflush &rArr; _writebuf &rArr; _sys_write &rArr;  mbed_error (Cycle)
</UL>
<BR>[Calls]<UL><LI><a href="#[80]">&gt;&gt;</a>&nbsp;&nbsp;&nbsp;_mutex_release
<LI><a href="#[7f]">&gt;&gt;</a>&nbsp;&nbsp;&nbsp;_mutex_acquire
<LI><a href="#[a3]">&gt;&gt;</a>&nbsp;&nbsp;&nbsp;_fflush
<LI><a href="#[9d]">&gt;&gt;</a>&nbsp;&nbsp;&nbsp;_fseek
</UL>
<BR>[Called By]<UL><LI><a href="#[a9]">&gt;&gt;</a>&nbsp;&nbsp;&nbsp;fflush
</UL>

<P><STRONG><a name="[a9]"></a>fflush</STRONG> (Thumb, 60 bytes, Stack size 24 bytes, C:\Keil_v5\ARM\ARMCLANG\Bin\..\lib\armlib\c_p.l(fflush_locked.o)(.text))
<BR><BR>[Stack]<UL><LI>Max Depth = 256<LI>Call Chain = fflush &rArr; _do_fflush &rArr; _fflush &rArr; _writebuf &rArr; _sys_write &rArr;  mbed_error (Cycle)
</UL>
<BR>[Calls]<UL><LI><a href="#[80]">&gt;&gt;</a>&nbsp;&nbsp;&nbsp;_mutex_release
<LI><a href="#[7f]">&gt;&gt;</a>&nbsp;&nbsp;&nbsp;_mutex_acquire
<LI><a href="#[a8]">&gt;&gt;</a>&nbsp;&nbsp;&nbsp;_do_fflush
</UL>
<BR>[Called By]<UL><LI><a href="#[210]">&gt;&gt;</a>&nbsp;&nbsp;&nbsp;exit
</UL>

<P><STRONG><a name="[ac]"></a>freopen</STRONG> (Thumb, 38 bytes, Stack size 24 bytes, C:\Keil_v5\ARM\ARMCLANG\Bin\..\lib\armlib\c_p.l(fopen_locked.o)(.text))
<BR><BR>[Stack]<UL><LI>Max Depth = 944<LI>Call Chain = freopen &rArr; _freopen_locked &rArr; _sys_open &rArr; open &rArr; mbed::FilePath::FilePath(char const*) &rArr; mbed::FileBase::lookup(char const*, unsigned int) &rArr; rtos::Mutex::lock() &rArr; mbed_error &rArr; mbed_halt_system &rArr; mbed_die &rArr; gpio_init_out &rArr; gpio_init_out_ex &rArr; _gpio_init_out &rArr; gpio_init &rArr; gpio_set &rArr; pin_function &rArr; Set_GPIO_Clock &rArr; error &rArr;  mbed_halt_system (Cycle)
</UL>
<BR>[Calls]<UL><LI><a href="#[80]">&gt;&gt;</a>&nbsp;&nbsp;&nbsp;_mutex_release
<LI><a href="#[7f]">&gt;&gt;</a>&nbsp;&nbsp;&nbsp;_mutex_acquire
<LI><a href="#[aa]">&gt;&gt;</a>&nbsp;&nbsp;&nbsp;_freopen_locked
</UL>
<BR>[Called By]<UL><LI><a href="#[8b]">&gt;&gt;</a>&nbsp;&nbsp;&nbsp;_initio
</UL>

<P><STRONG><a name="[ad]"></a>fopen</STRONG> (Thumb, 102 bytes, Stack size 32 bytes, C:\Keil_v5\ARM\ARMCLANG\Bin\..\lib\armlib\c_p.l(fopen_locked.o)(.text), UNUSED)
<BR><BR>[Calls]<UL><LI><a href="#[80]">&gt;&gt;</a>&nbsp;&nbsp;&nbsp;_mutex_release
<LI><a href="#[7e]">&gt;&gt;</a>&nbsp;&nbsp;&nbsp;_mutex_initialize
<LI><a href="#[7f]">&gt;&gt;</a>&nbsp;&nbsp;&nbsp;_mutex_acquire
<LI><a href="#[99]">&gt;&gt;</a>&nbsp;&nbsp;&nbsp;malloc
<LI><a href="#[a5]">&gt;&gt;</a>&nbsp;&nbsp;&nbsp;__aeabi_memclr4
<LI><a href="#[aa]">&gt;&gt;</a>&nbsp;&nbsp;&nbsp;_freopen_locked
</UL>

<P><STRONG><a name="[197]"></a>strspn</STRONG> (Thumb, 32 bytes, Stack size 12 bytes, C:\Keil_v5\ARM\ARMCLANG\Bin\..\lib\armlib\c_p.l(strspn.o)(.text))
<BR><BR>[Stack]<UL><LI>Max Depth = 12<LI>Call Chain = strspn
</UL>
<BR>[Called By]<UL><LI><a href="#[196]">&gt;&gt;</a>&nbsp;&nbsp;&nbsp;mbed::FilePath::FilePath(char const*)
</UL>

<P><STRONG><a name="[190]"></a>memcmp</STRONG> (Thumb, 90 bytes, Stack size 8 bytes, C:\Keil_v5\ARM\ARMCLANG\Bin\..\lib\armlib\c_p.l(memcmp.o)(.text))
<BR><BR>[Stack]<UL><LI>Max Depth = 8<LI>Call Chain = memcmp
</UL>
<BR>[Called By]<UL><LI><a href="#[18e]">&gt;&gt;</a>&nbsp;&nbsp;&nbsp;mbed::FileBase::lookup(char const*, unsigned int)
</UL>

<P><STRONG><a name="[18f]"></a>strlen</STRONG> (Thumb, 62 bytes, Stack size 12 bytes, C:\Keil_v5\ARM\ARMCLANG\Bin\..\lib\armlib\c_p.l(strlen.o)(.text))
<BR><BR>[Stack]<UL><LI>Max Depth = 12<LI>Call Chain = strlen
</UL>
<BR>[Called By]<UL><LI><a href="#[18e]">&gt;&gt;</a>&nbsp;&nbsp;&nbsp;mbed::FileBase::lookup(char const*, unsigned int)
</UL>

<P><STRONG><a name="[ae]"></a>__aeabi_memcpy</STRONG> (Thumb, 130 bytes, Stack size 24 bytes, C:\Keil_v5\ARM\ARMCLANG\Bin\..\lib\armlib\c_p.l(rt_memcpy.o)(.text))
<BR><BR>[Stack]<UL><LI>Max Depth = 24<LI>Call Chain = __aeabi_memcpy
</UL>
<BR>[Calls]<UL><LI><a href="#[af]">&gt;&gt;</a>&nbsp;&nbsp;&nbsp;__aeabi_memcpy4
</UL>
<BR>[Called By]<UL><LI><a href="#[20d]">&gt;&gt;</a>&nbsp;&nbsp;&nbsp;mbed_error_vprintf
<LI><a href="#[37]">&gt;&gt;</a>&nbsp;&nbsp;&nbsp;svcRtxMessageQueuePut
<LI><a href="#[36]">&gt;&gt;</a>&nbsp;&nbsp;&nbsp;svcRtxMessageQueueGet
<LI><a href="#[45]">&gt;&gt;</a>&nbsp;&nbsp;&nbsp;osRtxMessageQueuePostProcess
<LI><a href="#[22f]">&gt;&gt;</a>&nbsp;&nbsp;&nbsp;isrRtxMessageQueuePut
<LI><a href="#[22a]">&gt;&gt;</a>&nbsp;&nbsp;&nbsp;isrRtxMessageQueueGet
</UL>

<P><STRONG><a name="[2e7]"></a>__rt_memcpy</STRONG> (Thumb, 0 bytes, Stack size 24 bytes, C:\Keil_v5\ARM\ARMCLANG\Bin\..\lib\armlib\c_p.l(rt_memcpy.o)(.text), UNUSED)

<P><STRONG><a name="[b0]"></a>__aeabi_memset4</STRONG> (Thumb, 18 bytes, Stack size 8 bytes, C:\Keil_v5\ARM\ARMCLANG\Bin\..\lib\armlib\c_p.l(aeabi_memset4.o)(.text))
<BR><BR>[Stack]<UL><LI>Max Depth = 8<LI>Call Chain = __aeabi_memset4
</UL>
<BR>[Calls]<UL><LI><a href="#[b1]">&gt;&gt;</a>&nbsp;&nbsp;&nbsp;_memset_w
</UL>
<BR>[Called By]<UL><LI><a href="#[43]">&gt;&gt;</a>&nbsp;&nbsp;&nbsp;svcRtxThreadNew
</UL>

<P><STRONG><a name="[2e8]"></a>__aeabi_memset8</STRONG> (Thumb, 0 bytes, Stack size 8 bytes, C:\Keil_v5\ARM\ARMCLANG\Bin\..\lib\armlib\c_p.l(aeabi_memset4.o)(.text), UNUSED)

<P><STRONG><a name="[b1]"></a>_memset_w</STRONG> (Thumb, 26 bytes, Stack size 0 bytes, C:\Keil_v5\ARM\ARMCLANG\Bin\..\lib\armlib\c_p.l(rt_memclr.o)(.text))
<BR><BR>[Called By]<UL><LI><a href="#[b4]">&gt;&gt;</a>&nbsp;&nbsp;&nbsp;__rt_memclr_w
<LI><a href="#[b2]">&gt;&gt;</a>&nbsp;&nbsp;&nbsp;_memset
<LI><a href="#[b0]">&gt;&gt;</a>&nbsp;&nbsp;&nbsp;__aeabi_memset4
</UL>

<P><STRONG><a name="[b2]"></a>_memset</STRONG> (Thumb, 30 bytes, Stack size 0 bytes, C:\Keil_v5\ARM\ARMCLANG\Bin\..\lib\armlib\c_p.l(rt_memclr.o)(.text))
<BR><BR>[Calls]<UL><LI><a href="#[b1]">&gt;&gt;</a>&nbsp;&nbsp;&nbsp;_memset_w
</UL>
<BR>[Called By]<UL><LI><a href="#[b3]">&gt;&gt;</a>&nbsp;&nbsp;&nbsp;__aeabi_memclr
</UL>

<P><STRONG><a name="[b3]"></a>__aeabi_memclr</STRONG> (Thumb, 4 bytes, Stack size 0 bytes, C:\Keil_v5\ARM\ARMCLANG\Bin\..\lib\armlib\c_p.l(rt_memclr.o)(.text))
<BR><BR>[Calls]<UL><LI><a href="#[b2]">&gt;&gt;</a>&nbsp;&nbsp;&nbsp;_memset
</UL>
<BR>[Called By]<UL><LI><a href="#[43]">&gt;&gt;</a>&nbsp;&nbsp;&nbsp;svcRtxThreadNew
<LI><a href="#[277]">&gt;&gt;</a>&nbsp;&nbsp;&nbsp;svcRtxMessageQueueNew
</UL>

<P><STRONG><a name="[2e9]"></a>__rt_memclr</STRONG> (Thumb, 0 bytes, Stack size 0 bytes, C:\Keil_v5\ARM\ARMCLANG\Bin\..\lib\armlib\c_p.l(rt_memclr.o)(.text), UNUSED)

<P><STRONG><a name="[a5]"></a>__aeabi_memclr4</STRONG> (Thumb, 0 bytes, Stack size 0 bytes, C:\Keil_v5\ARM\ARMCLANG\Bin\..\lib\armlib\c_p.l(rt_memclr.o)(.text))
<BR><BR>[Called By]<UL><LI><a href="#[6b]">&gt;&gt;</a>&nbsp;&nbsp;&nbsp;lp_ticker_init
<LI><a href="#[20b]">&gt;&gt;</a>&nbsp;&nbsp;&nbsp;handle_error
<LI><a href="#[15f]">&gt;&gt;</a>&nbsp;&nbsp;&nbsp;serial_baud
<LI><a href="#[43]">&gt;&gt;</a>&nbsp;&nbsp;&nbsp;svcRtxThreadNew
<LI><a href="#[12b]">&gt;&gt;</a>&nbsp;&nbsp;&nbsp;SetSysClock_PLL_HSI
<LI><a href="#[1c0]">&gt;&gt;</a>&nbsp;&nbsp;&nbsp;rtos::Thread::constructor(unsigned int, osPriority_t, unsigned int, unsigned char*, char const*)
<LI><a href="#[8b]">&gt;&gt;</a>&nbsp;&nbsp;&nbsp;_initio
<LI><a href="#[ad]">&gt;&gt;</a>&nbsp;&nbsp;&nbsp;fopen
<LI><a href="#[a2]">&gt;&gt;</a>&nbsp;&nbsp;&nbsp;_fclose_internal
</UL>

<P><STRONG><a name="[2ea]"></a>__aeabi_memclr8</STRONG> (Thumb, 0 bytes, Stack size 0 bytes, C:\Keil_v5\ARM\ARMCLANG\Bin\..\lib\armlib\c_p.l(rt_memclr.o)(.text), UNUSED)

<P><STRONG><a name="[b4]"></a>__rt_memclr_w</STRONG> (Thumb, 4 bytes, Stack size 0 bytes, C:\Keil_v5\ARM\ARMCLANG\Bin\..\lib\armlib\c_p.l(rt_memclr.o)(.text), UNUSED)
<BR><BR>[Calls]<UL><LI><a href="#[b1]">&gt;&gt;</a>&nbsp;&nbsp;&nbsp;_memset_w
</UL>

<P><STRONG><a name="[1f1]"></a>strcmp</STRONG> (Thumb, 176 bytes, Stack size 16 bytes, C:\Keil_v5\ARM\ARMCLANG\Bin\..\lib\armlib\c_p.l(strcmpv6m.o)(.text))
<BR><BR>[Stack]<UL><LI>Max Depth = 16<LI>Call Chain = strcmp
</UL>
<BR>[Called By]<UL><LI><a href="#[ab]">&gt;&gt;</a>&nbsp;&nbsp;&nbsp;_sys_open
</UL>

<P><STRONG><a name="[214]"></a>__aeabi_uidivmod</STRONG> (Thumb, 28 bytes, Stack size 0 bytes, C:\Keil_v5\ARM\ARMCLANG\Bin\..\lib\armlib\c_p.l(aeabi_sdivfast.o)(.text))
<BR><BR>[Called By]<UL><LI><a href="#[213]">&gt;&gt;</a>&nbsp;&nbsp;&nbsp;gcd
</UL>

<P><STRONG><a name="[2eb]"></a>__aeabi_idivmod</STRONG> (Thumb, 472 bytes, Stack size 8 bytes, C:\Keil_v5\ARM\ARMCLANG\Bin\..\lib\armlib\c_p.l(aeabi_sdivfast.o)(.text), UNUSED)

<P><STRONG><a name="[2ec]"></a>__use_two_region_memory</STRONG> (Thumb, 2 bytes, Stack size 0 bytes, C:\Keil_v5\ARM\ARMCLANG\Bin\..\lib\armlib\c_p.l(heapauxi.o)(.text), UNUSED)

<P><STRONG><a name="[2ed]"></a>__rt_heap_escrow</STRONG> (Thumb, 2 bytes, Stack size 0 bytes, C:\Keil_v5\ARM\ARMCLANG\Bin\..\lib\armlib\c_p.l(heapauxi.o)(.text), UNUSED)

<P><STRONG><a name="[2ee]"></a>__rt_heap_expand</STRONG> (Thumb, 2 bytes, Stack size 0 bytes, C:\Keil_v5\ARM\ARMCLANG\Bin\..\lib\armlib\c_p.l(heapauxi.o)(.text), UNUSED)

<P><STRONG><a name="[83]"></a>__cpp_initialize__aeabi_</STRONG> (Thumb, 28 bytes, Stack size 16 bytes, C:\Keil_v5\ARM\ARMCLANG\Bin\..\lib\armlib\c_p.l(init_aeabi.o)(.text))
<BR><BR>[Stack]<UL><LI>Max Depth = 16<LI>Call Chain = __cpp_initialize__aeabi_
</UL>
<BR>[Called By]<UL><LI><a href="#[8c]">&gt;&gt;</a>&nbsp;&nbsp;&nbsp;__rt_lib_init_cpp_2
</UL>

<P><STRONG><a name="[2ef]"></a>__aeabi_dadd</STRONG> (Thumb, 0 bytes, Stack size 8 bytes, C:\Keil_v5\ARM\ARMCLANG\Bin\..\lib\armlib\fz_ps.l(daddsub.o)(.text), UNUSED)

<P><STRONG><a name="[b5]"></a>_dadd</STRONG> (Thumb, 26 bytes, Stack size 8 bytes, C:\Keil_v5\ARM\ARMCLANG\Bin\..\lib\armlib\fz_ps.l(daddsub.o)(.text), UNUSED)
<BR><BR>[Calls]<UL><LI><a href="#[b6]">&gt;&gt;</a>&nbsp;&nbsp;&nbsp;_dsub1
<LI><a href="#[b7]">&gt;&gt;</a>&nbsp;&nbsp;&nbsp;_dadd1
</UL>

<P><STRONG><a name="[24c]"></a>__aeabi_dsub</STRONG> (Thumb, 0 bytes, Stack size 8 bytes, C:\Keil_v5\ARM\ARMCLANG\Bin\..\lib\armlib\fz_ps.l(daddsub.o)(.text))
<BR><BR>[Stack]<UL><LI>Max Depth = 8<LI>Call Chain = __aeabi_dsub
</UL>
<BR>[Called By]<UL><LI><a href="#[248]">&gt;&gt;</a>&nbsp;&nbsp;&nbsp;mbed_minimal_formatted_string_double
</UL>

<P><STRONG><a name="[b8]"></a>_dsub</STRONG> (Thumb, 22 bytes, Stack size 8 bytes, C:\Keil_v5\ARM\ARMCLANG\Bin\..\lib\armlib\fz_ps.l(daddsub.o)(.text), UNUSED)
<BR><BR>[Calls]<UL><LI><a href="#[b6]">&gt;&gt;</a>&nbsp;&nbsp;&nbsp;_dsub1
<LI><a href="#[b7]">&gt;&gt;</a>&nbsp;&nbsp;&nbsp;_dadd1
</UL>

<P><STRONG><a name="[2f0]"></a>__aeabi_drsub</STRONG> (Thumb, 0 bytes, Stack size 16 bytes, C:\Keil_v5\ARM\ARMCLANG\Bin\..\lib\armlib\fz_ps.l(daddsub.o)(.text), UNUSED)

<P><STRONG><a name="[b9]"></a>_drsb</STRONG> (Thumb, 28 bytes, Stack size 16 bytes, C:\Keil_v5\ARM\ARMCLANG\Bin\..\lib\armlib\fz_ps.l(daddsub.o)(.text), UNUSED)
<BR><BR>[Calls]<UL><LI><a href="#[b6]">&gt;&gt;</a>&nbsp;&nbsp;&nbsp;_dsub1
<LI><a href="#[b7]">&gt;&gt;</a>&nbsp;&nbsp;&nbsp;_dadd1
</UL>

<P><STRONG><a name="[24b]"></a>__aeabi_d2lz</STRONG> (Thumb, 0 bytes, Stack size 20 bytes, C:\Keil_v5\ARM\ARMCLANG\Bin\..\lib\armlib\fz_ps.l(dfixl.o)(.text))
<BR><BR>[Stack]<UL><LI>Max Depth = 20<LI>Call Chain = __aeabi_d2lz
</UL>
<BR>[Called By]<UL><LI><a href="#[248]">&gt;&gt;</a>&nbsp;&nbsp;&nbsp;mbed_minimal_formatted_string_double
</UL>

<P><STRONG><a name="[2f1]"></a>_ll_sfrom_d</STRONG> (Thumb, 174 bytes, Stack size 20 bytes, C:\Keil_v5\ARM\ARMCLANG\Bin\..\lib\armlib\fz_ps.l(dfixl.o)(.text), UNUSED)

<P><STRONG><a name="[250]"></a>__aeabi_d2ulz</STRONG> (Thumb, 0 bytes, Stack size 12 bytes, C:\Keil_v5\ARM\ARMCLANG\Bin\..\lib\armlib\fz_ps.l(dfixul.o)(.text))
<BR><BR>[Stack]<UL><LI>Max Depth = 12<LI>Call Chain = __aeabi_d2ulz
</UL>
<BR>[Called By]<UL><LI><a href="#[248]">&gt;&gt;</a>&nbsp;&nbsp;&nbsp;mbed_minimal_formatted_string_double
</UL>

<P><STRONG><a name="[2f2]"></a>_ll_ufrom_d</STRONG> (Thumb, 104 bytes, Stack size 12 bytes, C:\Keil_v5\ARM\ARMCLANG\Bin\..\lib\armlib\fz_ps.l(dfixul.o)(.text), UNUSED)

<P><STRONG><a name="[bb]"></a>__aeabi_l2d_normalise</STRONG> (Thumb, 104 bytes, Stack size 8 bytes, C:\Keil_v5\ARM\ARMCLANG\Bin\..\lib\armlib\fz_ps.l(dfltl.o)(.text))
<BR><BR>[Stack]<UL><LI>Max Depth = 8<LI>Call Chain = __aeabi_l2d_normalise
</UL>
<BR>[Called By]<UL><LI><a href="#[bc]">&gt;&gt;</a>&nbsp;&nbsp;&nbsp;__aeabi_ul2d
<LI><a href="#[ba]">&gt;&gt;</a>&nbsp;&nbsp;&nbsp;__aeabi_l2d
</UL>

<P><STRONG><a name="[ba]"></a>__aeabi_l2d</STRONG> (Thumb, 20 bytes, Stack size 0 bytes, C:\Keil_v5\ARM\ARMCLANG\Bin\..\lib\armlib\fz_ps.l(dfltl.o)(.text))
<BR><BR>[Stack]<UL><LI>Max Depth = 8<LI>Call Chain = __aeabi_l2d &rArr; __aeabi_l2d_normalise
</UL>
<BR>[Calls]<UL><LI><a href="#[bb]">&gt;&gt;</a>&nbsp;&nbsp;&nbsp;__aeabi_l2d_normalise
</UL>
<BR>[Called By]<UL><LI><a href="#[248]">&gt;&gt;</a>&nbsp;&nbsp;&nbsp;mbed_minimal_formatted_string_double
</UL>

<P><STRONG><a name="[2f3]"></a>_ll_sto_d</STRONG> (Thumb, 0 bytes, Stack size 0 bytes, C:\Keil_v5\ARM\ARMCLANG\Bin\..\lib\armlib\fz_ps.l(dfltl.o)(.text), UNUSED)

<P><STRONG><a name="[bc]"></a>__aeabi_ul2d</STRONG> (Thumb, 4 bytes, Stack size 0 bytes, C:\Keil_v5\ARM\ARMCLANG\Bin\..\lib\armlib\fz_ps.l(dfltl.o)(.text))
<BR><BR>[Stack]<UL><LI>Max Depth = 8<LI>Call Chain = __aeabi_ul2d &rArr; __aeabi_l2d_normalise
</UL>
<BR>[Calls]<UL><LI><a href="#[bb]">&gt;&gt;</a>&nbsp;&nbsp;&nbsp;__aeabi_l2d_normalise
</UL>
<BR>[Called By]<UL><LI><a href="#[248]">&gt;&gt;</a>&nbsp;&nbsp;&nbsp;mbed_minimal_formatted_string_double
</UL>

<P><STRONG><a name="[2f4]"></a>_ll_uto_d</STRONG> (Thumb, 0 bytes, Stack size 0 bytes, C:\Keil_v5\ARM\ARMCLANG\Bin\..\lib\armlib\fz_ps.l(dfltl.o)(.text), UNUSED)

<P><STRONG><a name="[24f]"></a>__aeabi_dmul</STRONG> (Thumb, 0 bytes, Stack size 56 bytes, C:\Keil_v5\ARM\ARMCLANG\Bin\..\lib\armlib\fz_ps.l(dmul.o)(.text))
<BR><BR>[Stack]<UL><LI>Max Depth = 56<LI>Call Chain = __aeabi_dmul
</UL>
<BR>[Called By]<UL><LI><a href="#[248]">&gt;&gt;</a>&nbsp;&nbsp;&nbsp;mbed_minimal_formatted_string_double
</UL>

<P><STRONG><a name="[2f5]"></a>_dmul</STRONG> (Thumb, 558 bytes, Stack size 56 bytes, C:\Keil_v5\ARM\ARMCLANG\Bin\..\lib\armlib\fz_ps.l(dmul.o)(.text), UNUSED)

<P><STRONG><a name="[2f6]"></a>__user_libspace</STRONG> (Thumb, 8 bytes, Stack size 0 bytes, C:\Keil_v5\ARM\ARMCLANG\Bin\..\lib\armlib\c_p.l(libspace.o)(.text), UNUSED)

<P><STRONG><a name="[bd]"></a>__user_perproc_libspace</STRONG> (Thumb, 0 bytes, Stack size 0 bytes, C:\Keil_v5\ARM\ARMCLANG\Bin\..\lib\armlib\c_p.l(libspace.o)(.text))
<BR><BR>[Called By]<UL><LI><a href="#[9a]">&gt;&gt;</a>&nbsp;&nbsp;&nbsp;__rt_heap_descriptor
</UL>

<P><STRONG><a name="[2f7]"></a>__semihosting$guard</STRONG> (Thumb, 0 bytes, Stack size 0 bytes, C:\Keil_v5\ARM\ARMCLANG\Bin\..\lib\armlib\c_p.l(use_no_semi.o)(.text), UNUSED)

<P><STRONG><a name="[2f8]"></a>__use_no_semihosting_swi</STRONG> (Thumb, 2 bytes, Stack size 0 bytes, C:\Keil_v5\ARM\ARMCLANG\Bin\..\lib\armlib\c_p.l(use_no_semi.o)(.text), UNUSED)

<P><STRONG><a name="[9a]"></a>__rt_heap_descriptor</STRONG> (Thumb, 10 bytes, Stack size 8 bytes, C:\Keil_v5\ARM\ARMCLANG\Bin\..\lib\armlib\c_p.l(rt_heap_descriptor_twolibspace.o)(.text))
<BR><BR>[Stack]<UL><LI>Max Depth = 8<LI>Call Chain = __rt_heap_descriptor
</UL>
<BR>[Calls]<UL><LI><a href="#[bd]">&gt;&gt;</a>&nbsp;&nbsp;&nbsp;__user_perproc_libspace
</UL>
<BR>[Called By]<UL><LI><a href="#[9c]">&gt;&gt;</a>&nbsp;&nbsp;&nbsp;free
<LI><a href="#[99]">&gt;&gt;</a>&nbsp;&nbsp;&nbsp;malloc
<LI><a href="#[89]">&gt;&gt;</a>&nbsp;&nbsp;&nbsp;_init_alloc
<LI><a href="#[d7]">&gt;&gt;</a>&nbsp;&nbsp;&nbsp;_terminate_alloc
</UL>

<P><STRONG><a name="[2f9]"></a>__use_no_heap</STRONG> (Thumb, 2 bytes, Stack size 0 bytes, C:\Keil_v5\ARM\ARMCLANG\Bin\..\lib\armlib\c_p.l(hguard.o)(.text), UNUSED)

<P><STRONG><a name="[2fa]"></a>__heap$guard</STRONG> (Thumb, 2 bytes, Stack size 0 bytes, C:\Keil_v5\ARM\ARMCLANG\Bin\..\lib\armlib\c_p.l(hguard.o)(.text), UNUSED)

<P><STRONG><a name="[2fb]"></a>_terminate_user_alloc</STRONG> (Thumb, 2 bytes, Stack size 0 bytes, C:\Keil_v5\ARM\ARMCLANG\Bin\..\lib\armlib\c_p.l(init_alloc.o)(.text), UNUSED)

<P><STRONG><a name="[2fc]"></a>_init_user_alloc</STRONG> (Thumb, 2 bytes, Stack size 0 bytes, C:\Keil_v5\ARM\ARMCLANG\Bin\..\lib\armlib\c_p.l(init_alloc.o)(.text), UNUSED)

<P><STRONG><a name="[98]"></a>__Heap_Full</STRONG> (Thumb, 32 bytes, Stack size 16 bytes, C:\Keil_v5\ARM\ARMCLANG\Bin\..\lib\armlib\c_p.l(init_alloc.o)(.text))
<BR><BR>[Stack]<UL><LI>Max Depth = 112<LI>Call Chain = __Heap_Full &rArr; __Heap_ProvideMemory &rArr; free_internal$concurrent &rArr; _mutex_release &rArr; osMutexRelease &rArr; EvrRtxMutexError &rArr; trap_rtx_error &rArr;  mbed_error (Cycle)
</UL>
<BR>[Calls]<UL><LI><a href="#[be]">&gt;&gt;</a>&nbsp;&nbsp;&nbsp;__Heap_ProvideMemory
</UL>
<BR>[Called By]<UL><LI><a href="#[97]">&gt;&gt;</a>&nbsp;&nbsp;&nbsp;malloc_internal$concurrent
</UL>

<P><STRONG><a name="[bf]"></a>__Heap_Broken</STRONG> (Thumb, 10 bytes, Stack size 8 bytes, C:\Keil_v5\ARM\ARMCLANG\Bin\..\lib\armlib\c_p.l(init_alloc.o)(.text), UNUSED)
<BR><BR>[Calls]<UL><LI><a href="#[c0]">&gt;&gt;</a>&nbsp;&nbsp;&nbsp;__rt_SIGRTMEM
</UL>

<P><STRONG><a name="[89]"></a>_init_alloc</STRONG> (Thumb, 90 bytes, Stack size 24 bytes, C:\Keil_v5\ARM\ARMCLANG\Bin\..\lib\armlib\c_p.l(init_alloc.o)(.text))
<BR><BR>[Stack]<UL><LI>Max Depth = 208<LI>Call Chain = _init_alloc &rArr; __Heap_Initialize &rArr; _mutex_initialize &rArr; malloc &rArr; malloc_internal$concurrent &rArr; __Heap_Full &rArr; __Heap_ProvideMemory &rArr; free_internal$concurrent &rArr; _mutex_release &rArr; osMutexRelease &rArr; EvrRtxMutexError &rArr; trap_rtx_error &rArr;  mbed_error (Cycle)
</UL>
<BR>[Calls]<UL><LI><a href="#[c1]">&gt;&gt;</a>&nbsp;&nbsp;&nbsp;__Heap_Initialize
<LI><a href="#[9a]">&gt;&gt;</a>&nbsp;&nbsp;&nbsp;__rt_heap_descriptor
<LI><a href="#[c0]">&gt;&gt;</a>&nbsp;&nbsp;&nbsp;__rt_SIGRTMEM
<LI><a href="#[be]">&gt;&gt;</a>&nbsp;&nbsp;&nbsp;__Heap_ProvideMemory
</UL>
<BR>[Called By]<UL><LI><a href="#[88]">&gt;&gt;</a>&nbsp;&nbsp;&nbsp;__rt_lib_init_heap_2
</UL>

<P><STRONG><a name="[c1]"></a>__Heap_Initialize</STRONG> (Thumb, 18 bytes, Stack size 8 bytes, C:\Keil_v5\ARM\ARMCLANG\Bin\..\lib\armlib\c_p.l(h1_init_threads.o)(.text))
<BR><BR>[Stack]<UL><LI>Max Depth = 184<LI>Call Chain = __Heap_Initialize &rArr; _mutex_initialize &rArr; malloc &rArr; malloc_internal$concurrent &rArr; __Heap_Full &rArr; __Heap_ProvideMemory &rArr; free_internal$concurrent &rArr; _mutex_release &rArr; osMutexRelease &rArr; EvrRtxMutexError &rArr; trap_rtx_error &rArr;  mbed_error (Cycle)
</UL>
<BR>[Calls]<UL><LI><a href="#[7e]">&gt;&gt;</a>&nbsp;&nbsp;&nbsp;_mutex_initialize
</UL>
<BR>[Called By]<UL><LI><a href="#[89]">&gt;&gt;</a>&nbsp;&nbsp;&nbsp;_init_alloc
</UL>

<P><STRONG><a name="[2fd]"></a>__Heap_DescSize</STRONG> (Thumb, 4 bytes, Stack size 0 bytes, C:\Keil_v5\ARM\ARMCLANG\Bin\..\lib\armlib\c_p.l(h1_init_threads.o)(.text), UNUSED)

<P><STRONG><a name="[c2]"></a>__flsbuf</STRONG> (Thumb, 486 bytes, Stack size 24 bytes, C:\Keil_v5\ARM\ARMCLANG\Bin\..\lib\armlib\c_p.l(flsbuf.o)(.text), UNUSED)
<BR><BR>[Calls]<UL><LI><a href="#[9e]">&gt;&gt;</a>&nbsp;&nbsp;&nbsp;_sys_istty
<LI><a href="#[a0]">&gt;&gt;</a>&nbsp;&nbsp;&nbsp;_sys_flen
<LI><a href="#[99]">&gt;&gt;</a>&nbsp;&nbsp;&nbsp;malloc
<LI><a href="#[c3]">&gt;&gt;</a>&nbsp;&nbsp;&nbsp;_deferredlazyseek
<LI><a href="#[c4]">&gt;&gt;</a>&nbsp;&nbsp;&nbsp;_writebuf
<LI><a href="#[a1]">&gt;&gt;</a>&nbsp;&nbsp;&nbsp;_seterr
</UL>

<P><STRONG><a name="[2c0]"></a>__flsbuf_byte</STRONG> (Thumb, 0 bytes, Stack size 24 bytes, C:\Keil_v5\ARM\ARMCLANG\Bin\..\lib\armlib\c_p.l(flsbuf.o)(.text))
<BR><BR>[Stack]<UL><LI>Max Depth = 24<LI>Call Chain = __flsbuf_byte
</UL>
<BR>[Called By]<UL><LI><a href="#[a7]">&gt;&gt;</a>&nbsp;&nbsp;&nbsp;_fputc$unlocked
</UL>

<P><STRONG><a name="[2fe]"></a>__flsbuf_wide</STRONG> (Thumb, 0 bytes, Stack size 24 bytes, C:\Keil_v5\ARM\ARMCLANG\Bin\..\lib\armlib\c_p.l(flsbuf.o)(.text), UNUSED)

<P><STRONG><a name="[a1]"></a>_seterr</STRONG> (Thumb, 20 bytes, Stack size 0 bytes, C:\Keil_v5\ARM\ARMCLANG\Bin\..\lib\armlib\c_p.l(stdio.o)(.text))
<BR><BR>[Called By]<UL><LI><a href="#[c4]">&gt;&gt;</a>&nbsp;&nbsp;&nbsp;_writebuf
<LI><a href="#[c2]">&gt;&gt;</a>&nbsp;&nbsp;&nbsp;__flsbuf
<LI><a href="#[9d]">&gt;&gt;</a>&nbsp;&nbsp;&nbsp;_fseek
</UL>

<P><STRONG><a name="[c4]"></a>_writebuf</STRONG> (Thumb, 76 bytes, Stack size 32 bytes, C:\Keil_v5\ARM\ARMCLANG\Bin\..\lib\armlib\c_p.l(stdio.o)(.text))
<BR><BR>[Stack]<UL><LI>Max Depth = 192<LI>Call Chain = _writebuf &rArr; _sys_write &rArr;  mbed_error (Cycle)
</UL>
<BR>[Calls]<UL><LI><a href="#[c6]">&gt;&gt;</a>&nbsp;&nbsp;&nbsp;_sys_write
<LI><a href="#[c5]">&gt;&gt;</a>&nbsp;&nbsp;&nbsp;_sys_seek
<LI><a href="#[a1]">&gt;&gt;</a>&nbsp;&nbsp;&nbsp;_seterr
</UL>
<BR>[Called By]<UL><LI><a href="#[a3]">&gt;&gt;</a>&nbsp;&nbsp;&nbsp;_fflush
<LI><a href="#[c2]">&gt;&gt;</a>&nbsp;&nbsp;&nbsp;__flsbuf
</UL>

<P><STRONG><a name="[a3]"></a>_fflush</STRONG> (Thumb, 76 bytes, Stack size 16 bytes, C:\Keil_v5\ARM\ARMCLANG\Bin\..\lib\armlib\c_p.l(stdio.o)(.text))
<BR><BR>[Stack]<UL><LI>Max Depth = 208<LI>Call Chain = _fflush &rArr; _writebuf &rArr; _sys_write &rArr;  mbed_error (Cycle)
</UL>
<BR>[Calls]<UL><LI><a href="#[c4]">&gt;&gt;</a>&nbsp;&nbsp;&nbsp;_writebuf
</UL>
<BR>[Called By]<UL><LI><a href="#[c3]">&gt;&gt;</a>&nbsp;&nbsp;&nbsp;_deferredlazyseek
<LI><a href="#[a8]">&gt;&gt;</a>&nbsp;&nbsp;&nbsp;_do_fflush
<LI><a href="#[a2]">&gt;&gt;</a>&nbsp;&nbsp;&nbsp;_fclose_internal
</UL>

<P><STRONG><a name="[c3]"></a>_deferredlazyseek</STRONG> (Thumb, 60 bytes, Stack size 8 bytes, C:\Keil_v5\ARM\ARMCLANG\Bin\..\lib\armlib\c_p.l(stdio.o)(.text), UNUSED)
<BR><BR>[Calls]<UL><LI><a href="#[a3]">&gt;&gt;</a>&nbsp;&nbsp;&nbsp;_fflush
</UL>
<BR>[Called By]<UL><LI><a href="#[c2]">&gt;&gt;</a>&nbsp;&nbsp;&nbsp;__flsbuf
</UL>

[...]
</UL>
<BR>[Calls]<UL><LI><a href="#[294]">&gt;&gt;</a>&nbsp;&nbsp;&nbsp;ThreadFlagsCheck
<LI><a href="#[273]">&gt;&gt;</a>&nbsp;&nbsp;&nbsp;osRtxThreadWaitExit
</UL>
<BR>[Address Reference Count : 1]<UL><LI> rtx_thread.o(.text.svcRtxThreadNew)
</UL>
<P><STRONG><a name="[2b7]"></a>osRtxThreadSetRunning</STRONG> (Thumb, 8 bytes, Stack size 0 bytes, .\build\rtx_thread.o(.text.osRtxThreadSetRunning))
<BR><BR>[Called By]<UL><LI><a href="#[44]">&gt;&gt;</a>&nbsp;&nbsp;&nbsp;svcRtxThreadTerminate
<LI><a href="#[41]">&gt;&gt;</a>&nbsp;&nbsp;&nbsp;svcRtxThreadExit
</UL>

<P><STRONG><a name="[41]"></a>svcRtxThreadExit</STRONG> (Thumb, 68 bytes, Stack size 16 bytes, .\build\rtx_thread.o(.text.svcRtxThreadExit))
<BR><BR>[Stack]<UL><LI>Max Depth = 96<LI>Call Chain = svcRtxThreadExit &rArr; osRtxMutexOwnerRelease &rArr; osRtxThreadWaitExit &rArr; osRtxThreadDispatch &rArr; osRtxThreadReadyPut &rArr; osRtxThreadListPut
</UL>
<BR>[Calls]<UL><LI><a href="#[2b7]">&gt;&gt;</a>&nbsp;&nbsp;&nbsp;osRtxThreadSetRunning
<LI><a href="#[292]">&gt;&gt;</a>&nbsp;&nbsp;&nbsp;osRtxThreadJoinWakeup
<LI><a href="#[290]">&gt;&gt;</a>&nbsp;&nbsp;&nbsp;osRtxThreadGetRunning
<LI><a href="#[28d]">&gt;&gt;</a>&nbsp;&nbsp;&nbsp;osRtxThreadDestroy
<LI><a href="#[28f]">&gt;&gt;</a>&nbsp;&nbsp;&nbsp;osRtxKernelGetState
<LI><a href="#[278]">&gt;&gt;</a>&nbsp;&nbsp;&nbsp;osRtxMutexOwnerRelease
<LI><a href="#[291]">&gt;&gt;</a>&nbsp;&nbsp;&nbsp;osRtxThreadSwitch
<LI><a href="#[272]">&gt;&gt;</a>&nbsp;&nbsp;&nbsp;osRtxThreadListGet
</UL>
<BR>[Address Reference Count : 1]<UL><LI> rtx_thread.o(.text.osThreadExit)
</UL>
<P><STRONG><a name="[42]"></a>svcRtxThreadGetId</STRONG> (Thumb, 8 bytes, Stack size 8 bytes, .\build\rtx_thread.o(.text.svcRtxThreadGetId))
<BR><BR>[Stack]<UL><LI>Max Depth = 8<LI>Call Chain = svcRtxThreadGetId
</UL>
<BR>[Calls]<UL><LI><a href="#[290]">&gt;&gt;</a>&nbsp;&nbsp;&nbsp;osRtxThreadGetRunning
</UL>
<BR>[Called By]<UL><LI><a href="#[ed]">&gt;&gt;</a>&nbsp;&nbsp;&nbsp;osThreadGetId
</UL>
<BR>[Address Reference Count : 1]<UL><LI> rtx_thread.o(.text.osThreadGetId)
</UL>
<P><STRONG><a name="[43]"></a>svcRtxThreadNew</STRONG> (Thumb, 564 bytes, Stack size 48 bytes, .\build\rtx_thread.o(.text.svcRtxThreadNew))
<BR><BR>[Stack]<UL><LI>Max Depth = 88<LI>Call Chain = svcRtxThreadNew &rArr; osRtxThreadDispatch &rArr; osRtxThreadReadyPut &rArr; osRtxThreadListPut
</UL>
<BR>[Calls]<UL><LI><a href="#[eb]">&gt;&gt;</a>&nbsp;&nbsp;&nbsp;EvrRtxThreadError
<LI><a href="#[281]">&gt;&gt;</a>&nbsp;&nbsp;&nbsp;osRtxThreadDispatch
<LI><a href="#[271]">&gt;&gt;</a>&nbsp;&nbsp;&nbsp;osRtxMemoryPoolFree
<LI><a href="#[230]">&gt;&gt;</a>&nbsp;&nbsp;&nbsp;osRtxMemoryPoolAlloc
<LI><a href="#[26e]">&gt;&gt;</a>&nbsp;&nbsp;&nbsp;osRtxMemoryFree
<LI><a href="#[26b]">&gt;&gt;</a>&nbsp;&nbsp;&nbsp;osRtxMemoryAlloc
<LI><a href="#[a5]">&gt;&gt;</a>&nbsp;&nbsp;&nbsp;__aeabi_memclr4
<LI><a href="#[b3]">&gt;&gt;</a>&nbsp;&nbsp;&nbsp;__aeabi_memclr
<LI><a href="#[b0]">&gt;&gt;</a>&nbsp;&nbsp;&nbsp;__aeabi_memset4
</UL>
<BR>[Called By]<UL><LI><a href="#[295]">&gt;&gt;</a>&nbsp;&nbsp;&nbsp;osRtxThreadStartup
</UL>
<BR>[Address Reference Count : 1]<UL><LI> rtx_thread.o(.text.osThreadNew)
</UL>
<P><STRONG><a name="[44]"></a>svcRtxThreadTerminate</STRONG> (Thumb, 180 bytes, Stack size 16 bytes, .\build\rtx_thread.o(.text.svcRtxThreadTerminate))
<BR><BR>[Stack]<UL><LI>Max Depth = 96<LI>Call Chain = svcRtxThreadTerminate &rArr; osRtxMutexOwnerRelease &rArr; osRtxThreadWaitExit &rArr; osRtxThreadDispatch &rArr; osRtxThreadReadyPut &rArr; osRtxThreadListPut
</UL>
<BR>[Calls]<UL><LI><a href="#[eb]">&gt;&gt;</a>&nbsp;&nbsp;&nbsp;EvrRtxThreadError
<LI><a href="#[2b7]">&gt;&gt;</a>&nbsp;&nbsp;&nbsp;osRtxThreadSetRunning
<LI><a href="#[292]">&gt;&gt;</a>&nbsp;&nbsp;&nbsp;osRtxThreadJoinWakeup
<LI><a href="#[296]">&gt;&gt;</a>&nbsp;&nbsp;&nbsp;osRtxThreadId
<LI><a href="#[28d]">&gt;&gt;</a>&nbsp;&nbsp;&nbsp;osRtxThreadDestroy
<LI><a href="#[299]">&gt;&gt;</a>&nbsp;&nbsp;&nbsp;osRtxThreadDelayRemove
<LI><a href="#[28f]">&gt;&gt;</a>&nbsp;&nbsp;&nbsp;osRtxKernelGetState
<LI><a href="#[278]">&gt;&gt;</a>&nbsp;&nbsp;&nbsp;osRtxMutexOwnerRelease
<LI><a href="#[291]">&gt;&gt;</a>&nbsp;&nbsp;&nbsp;osRtxThreadSwitch
<LI><a href="#[28b]">&gt;&gt;</a>&nbsp;&nbsp;&nbsp;osRtxThreadListRemove
<LI><a href="#[272]">&gt;&gt;</a>&nbsp;&nbsp;&nbsp;osRtxThreadListGet
<LI><a href="#[281]">&gt;&gt;</a>&nbsp;&nbsp;&nbsp;osRtxThreadDispatch
</UL>
<BR>[Address Reference Count : 1]<UL><LI> rtx_thread.o(.text.osThreadTerminate)
</UL>
<P><STRONG><a name="[29e]"></a>TimerInsert</STRONG> (Thumb, 92 bytes, Stack size 16 bytes, .\build\rtx_timer.o(.text.TimerInsert))
<BR><BR>[Stack]<UL><LI>Max Depth = 16<LI>Call Chain = TimerInsert
</UL>
<BR>[Called By]<UL><LI><a href="#[3d]">&gt;&gt;</a>&nbsp;&nbsp;&nbsp;osRtxTimerTick
</UL>

<P><STRONG><a name="[29c]"></a>TimerUnlink</STRONG> (Thumb, 16 bytes, Stack size 0 bytes, .\build\rtx_timer.o(.text.TimerUnlink))
<BR><BR>[Called By]<UL><LI><a href="#[3d]">&gt;&gt;</a>&nbsp;&nbsp;&nbsp;osRtxTimerTick
</UL>

<P><STRONG><a name="[29b]"></a>osRtxThreadGetRunning</STRONG> (Thumb, 8 bytes, Stack size 0 bytes, .\build\rtx_timer.o(.text.osRtxThreadGetRunning))
<BR><BR>[Called By]<UL><LI><a href="#[3d]">&gt;&gt;</a>&nbsp;&nbsp;&nbsp;osRtxTimerTick
</UL>

<P><STRONG><a name="[29d]"></a>osRtxThreadSetRunning</STRONG> (Thumb, 8 bytes, Stack size 0 bytes, .\build\rtx_timer.o(.text.osRtxThreadSetRunning))
<BR><BR>[Called By]<UL><LI><a href="#[3d]">&gt;&gt;</a>&nbsp;&nbsp;&nbsp;osRtxTimerTick
</UL>

<P><STRONG><a name="[3d]"></a>osRtxTimerTick</STRONG> (Thumb, 124 bytes, Stack size 24 bytes, .\build\rtx_timer.o(.text.osRtxTimerTick))
<BR><BR>[Stack]<UL><LI>Max Depth = 104<LI>Call Chain = osRtxTimerTick &rArr; osMessageQueuePut &rArr; isrRtxMessageQueuePut &rArr; EvrRtxMessageQueueError &rArr; trap_rtx_error &rArr;  mbed_error (Cycle)
</UL>
<BR>[Calls]<UL><LI><a href="#[265]">&gt;&gt;</a>&nbsp;&nbsp;&nbsp;osMessageQueuePut
<LI><a href="#[29d]">&gt;&gt;</a>&nbsp;&nbsp;&nbsp;osRtxThreadSetRunning
<LI><a href="#[29b]">&gt;&gt;</a>&nbsp;&nbsp;&nbsp;osRtxThreadGetRunning
<LI><a href="#[29c]">&gt;&gt;</a>&nbsp;&nbsp;&nbsp;TimerUnlink
<LI><a href="#[29e]">&gt;&gt;</a>&nbsp;&nbsp;&nbsp;TimerInsert
<LI><a href="#[269]">&gt;&gt;</a>&nbsp;&nbsp;&nbsp;osRtxKernelErrorNotify
</UL>
<BR>[Address Reference Count : 1]<UL><LI> rtx_timer.o(.text.osRtxTimerSetup)
</UL>
<P><STRONG><a name="[1ed]"></a>_serial_init_direct</STRONG> (Thumb, 216 bytes, Stack size 24 bytes, .\build\serial_api.o(.text._serial_init_direct), UNUSED)
<BR><BR>[Calls]<UL><LI><a href="#[1e4]">&gt;&gt;</a>&nbsp;&nbsp;&nbsp;pin_mode
<LI><a href="#[1e3]">&gt;&gt;</a>&nbsp;&nbsp;&nbsp;pin_function
<LI><a href="#[129]">&gt;&gt;</a>&nbsp;&nbsp;&nbsp;mbed_assert_internal
<LI><a href="#[1ef]">&gt;&gt;</a>&nbsp;&nbsp;&nbsp;init_uart
<LI><a href="#[1ee]">&gt;&gt;</a>&nbsp;&nbsp;&nbsp;get_uart_index
<LI><a href="#[af]">&gt;&gt;</a>&nbsp;&nbsp;&nbsp;__aeabi_memcpy4
</UL>
<BR>[Called By]<UL><LI><a href="#[2ac]">&gt;&gt;</a>&nbsp;&nbsp;&nbsp;serial_init
</UL>

<P><STRONG><a name="[20a]"></a>debug</STRONG> (Thumb, 32 bytes, Stack size 24 bytes, .\build\serial_api.o(.text.debug), UNUSED)
<BR><BR>[Calls]<UL><LI><a href="#[de]">&gt;&gt;</a>&nbsp;&nbsp;&nbsp;__2vfprintf
</UL>
<BR>[Called By]<UL><LI><a href="#[15f]">&gt;&gt;</a>&nbsp;&nbsp;&nbsp;serial_baud
</UL>

<P><STRONG><a name="[e2]"></a>ADC_DelayMicroSecond</STRONG> (Thumb, 44 bytes, Stack size 16 bytes, .\build\stm32l0xx_hal_adc.o(.text.ADC_DelayMicroSecond))
<BR><BR>[Stack]<UL><LI>Max Depth = 16<LI>Call Chain = ADC_DelayMicroSecond
</UL>
<BR>[Calls]<UL><LI><a href="#[e3]">&gt;&gt;</a>&nbsp;&nbsp;&nbsp;__aeabi_uidiv
</UL>
<BR>[Called By]<UL><LI><a href="#[f1]">&gt;&gt;</a>&nbsp;&nbsp;&nbsp;HAL_ADC_ConfigChannel
<LI><a href="#[e4]">&gt;&gt;</a>&nbsp;&nbsp;&nbsp;ADC_Enable
</UL>

<P><STRONG><a name="[e4]"></a>ADC_Enable</STRONG> (Thumb, 104 bytes, Stack size 16 bytes, .\build\stm32l0xx_hal_adc.o(.text.ADC_Enable))
<BR><BR>[Stack]<UL><LI>Max Depth = 56<LI>Call Chain = ADC_Enable &rArr; HAL_GetTick &rArr; core_util_critical_section_exit &rArr; hal_critical_section_exit &rArr; mbed_assert_internal &rArr;  mbed_error (Cycle)
</UL>
<BR>[Calls]<UL><LI><a href="#[e5]">&gt;&gt;</a>&nbsp;&nbsp;&nbsp;HAL_GetTick
<LI><a href="#[e2]">&gt;&gt;</a>&nbsp;&nbsp;&nbsp;ADC_DelayMicroSecond
</UL>
<BR>[Called By]<UL><LI><a href="#[f5]">&gt;&gt;</a>&nbsp;&nbsp;&nbsp;HAL_ADC_Start
</UL>

<P><STRONG><a name="[fd]"></a>LPTIM_WaitForFlag</STRONG> (Thumb, 56 bytes, Stack size 16 bytes, .\build\stm32l0xx_hal_lptim.o(.text.LPTIM_WaitForFlag))
<BR><BR>[Stack]<UL><LI>Max Depth = 16<LI>Call Chain = LPTIM_WaitForFlag
</UL>
<BR>[Calls]<UL><LI><a href="#[e3]">&gt;&gt;</a>&nbsp;&nbsp;&nbsp;__aeabi_uidiv
</UL>
<BR>[Called By]<UL><LI><a href="#[fc]">&gt;&gt;</a>&nbsp;&nbsp;&nbsp;HAL_LPTIM_Counter_Start
</UL>

<P><STRONG><a name="[109]"></a>TIM_Base_SetConfig</STRONG> (Thumb, 124 bytes, Stack size 8 bytes, .\build\stm32l0xx_hal_tim.o(.text.TIM_Base_SetConfig))
<BR><BR>[Stack]<UL><LI>Max Depth = 8<LI>Call Chain = TIM_Base_SetConfig
</UL>
<BR>[Called By]<UL><LI><a href="#[107]">&gt;&gt;</a>&nbsp;&nbsp;&nbsp;HAL_TIM_Base_Init
</UL>

<P><STRONG><a name="[10b]"></a>TIM_CCxChannelCmd</STRONG> (Thumb, 26 bytes, Stack size 8 bytes, .\build\stm32l0xx_hal_tim.o(.text.TIM_CCxChannelCmd))
<BR><BR>[Stack]<UL><LI>Max Depth = 8<LI>Call Chain = TIM_CCxChannelCmd
</UL>
<BR>[Called By]<UL><LI><a href="#[10a]">&gt;&gt;</a>&nbsp;&nbsp;&nbsp;HAL_TIM_OC_Start
</UL>

<P><STRONG><a name="[2bb]"></a>LL_TIM_GenerateEvent_CC1</STRONG> (Thumb, 10 bytes, Stack size 0 bytes, .\build\us_ticker.o(.text.LL_TIM_GenerateEvent_CC1))
<BR><BR>[Called By]<UL><LI><a href="#[78]">&gt;&gt;</a>&nbsp;&nbsp;&nbsp;us_ticker_fire_interrupt
</UL>

<P><STRONG><a name="[21f]"></a>__NVIC_EnableIRQ</STRONG> (Thumb, 12 bytes, Stack size 0 bytes, .\build\us_ticker.o(.text.__NVIC_EnableIRQ))
<BR><BR>[Called By]<UL><LI><a href="#[fb]">&gt;&gt;</a>&nbsp;&nbsp;&nbsp;init_16bit_timer
</UL>

<P><STRONG><a name="[21e]"></a>__NVIC_SetVector</STRONG> (Thumb, 12 bytes, Stack size 0 bytes, .\build\us_ticker.o(.text.__NVIC_SetVector))
<BR><BR>[Called By]<UL><LI><a href="#[fb]">&gt;&gt;</a>&nbsp;&nbsp;&nbsp;init_16bit_timer
</UL>

<P><STRONG><a name="[7b]"></a>_GLOBAL__sub_I_main.cpp</STRONG> (Thumb, 36 bytes, Stack size 8 bytes, .\build\main.o(.text._GLOBAL__sub_I_main.cpp))
<BR><BR>[Stack]<UL><LI>Max Depth = 848<LI>Call Chain = _GLOBAL__sub_I_main.cpp &rArr; __cxx_global_var_init &rArr; mbed::AnalogIn::AnalogIn(PinName, float) &rArr; analogin_init &rArr; pinmap_peripheral &rArr; mbed_error &rArr; mbed_halt_system &rArr; mbed_die &rArr; gpio_init_out &rArr; gpio_init_out_ex &rArr; _gpio_init_out &rArr; gpio_init &rArr; gpio_set &rArr; pin_function &rArr; Set_GPIO_Clock &rArr; error &rArr;  mbed_halt_system (Cycle)
</UL>
<BR>[Calls]<UL><LI><a href="#[139]">&gt;&gt;</a>&nbsp;&nbsp;&nbsp;__cxx_global_var_init.7
<LI><a href="#[138]">&gt;&gt;</a>&nbsp;&nbsp;&nbsp;__cxx_global_var_init.6
<LI><a href="#[137]">&gt;&gt;</a>&nbsp;&nbsp;&nbsp;__cxx_global_var_init.5
<LI><a href="#[136]">&gt;&gt;</a>&nbsp;&nbsp;&nbsp;__cxx_global_var_init.4
<LI><a href="#[135]">&gt;&gt;</a>&nbsp;&nbsp;&nbsp;__cxx_global_var_init.3
<LI><a href="#[134]">&gt;&gt;</a>&nbsp;&nbsp;&nbsp;__cxx_global_var_init.2
<LI><a href="#[133]">&gt;&gt;</a>&nbsp;&nbsp;&nbsp;__cxx_global_var_init.1
<LI><a href="#[132]">&gt;&gt;</a>&nbsp;&nbsp;&nbsp;__cxx_global_var_init
</UL>
<BR>[Address Reference Count : 1]<UL><LI> main.o(.init_array)
</UL>
<P><STRONG><a name="[132]"></a>__cxx_global_var_init</STRONG> (Thumb, 16 bytes, Stack size 8 bytes, .\build\main.o(.text.__cxx_global_var_init))
<BR><BR>[Stack]<UL><LI>Max Depth = 840<LI>Call Chain = __cxx_global_var_init &rArr; mbed::AnalogIn::AnalogIn(PinName, float) &rArr; analogin_init &rArr; pinmap_peripheral &rArr; mbed_error &rArr; mbed_halt_system &rArr; mbed_die &rArr; gpio_init_out &rArr; gpio_init_out_ex &rArr; _gpio_init_out &rArr; gpio_init &rArr; gpio_set &rArr; pin_function &rArr; Set_GPIO_Clock &rArr; error &rArr;  mbed_halt_system (Cycle)
</UL>
<BR>[Calls]<UL><LI><a href="#[188]">&gt;&gt;</a>&nbsp;&nbsp;&nbsp;mbed::AnalogIn::AnalogIn(PinName, float)
</UL>
<BR>[Called By]<UL><LI><a href="#[7b]">&gt;&gt;</a>&nbsp;&nbsp;&nbsp;_GLOBAL__sub_I_main.cpp
</UL>

<P><STRONG><a name="[133]"></a>__cxx_global_var_init.1</STRONG> (Thumb, 12 bytes, Stack size 8 bytes, .\build\main.o(.text.__cxx_global_var_init.1))
<BR><BR>[Stack]<UL><LI>Max Depth = 728<LI>Call Chain = __cxx_global_var_init.1 &rArr; mbed::DigitalIn::DigitalIn__sub_object(PinName) &rArr; gpio_init_in &rArr; gpio_init_in_ex &rArr; _gpio_init_in &rArr; gpio_init &rArr; gpio_set &rArr; pin_function &rArr; Set_GPIO_Clock &rArr; error &rArr;  mbed_halt_system (Cycle)
</UL>
<BR>[Calls]<UL><LI><a href="#[1b5]">&gt;&gt;</a>&nbsp;&nbsp;&nbsp;mbed::DigitalIn::DigitalIn__sub_object(PinName)
</UL>
<BR>[Called By]<UL><LI><a href="#[7b]">&gt;&gt;</a>&nbsp;&nbsp;&nbsp;_GLOBAL__sub_I_main.cpp
</UL>

<P><STRONG><a name="[134]"></a>__cxx_global_var_init.2</STRONG> (Thumb, 12 bytes, Stack size 8 bytes, .\build\main.o(.text.__cxx_global_var_init.2))
<BR><BR>[Stack]<UL><LI>Max Depth = 32<LI>Call Chain = __cxx_global_var_init.2 &rArr; mbed::Ticker::Ticker() &rArr; mbed::TickerBase::TickerBase__sub_object(ticker_data_t const*, bool)
</UL>
<BR>[Calls]<UL><LI><a href="#[17f]">&gt;&gt;</a>&nbsp;&nbsp;&nbsp;mbed::Ticker::Ticker()
</UL>
<BR>[Called By]<UL><LI><a href="#[7b]">&gt;&gt;</a>&nbsp;&nbsp;&nbsp;_GLOBAL__sub_I_main.cpp
</UL>

<P><STRONG><a name="[135]"></a>__cxx_global_var_init.3</STRONG> (Thumb, 12 bytes, Stack size 8 bytes, .\build\main.o(.text.__cxx_global_var_init.3))
<BR><BR>[Stack]<UL><LI>Max Depth = 32<LI>Call Chain = __cxx_global_var_init.3 &rArr; mbed::Ticker::Ticker() &rArr; mbed::TickerBase::TickerBase__sub_object(ticker_data_t const*, bool)
</UL>
<BR>[Calls]<UL><LI><a href="#[17f]">&gt;&gt;</a>&nbsp;&nbsp;&nbsp;mbed::Ticker::Ticker()
</UL>
<BR>[Called By]<UL><LI><a href="#[7b]">&gt;&gt;</a>&nbsp;&nbsp;&nbsp;_GLOBAL__sub_I_main.cpp
</UL>

<P><STRONG><a name="[136]"></a>__cxx_global_var_init.4</STRONG> (Thumb, 12 bytes, Stack size 8 bytes, .\build\main.o(.text.__cxx_global_var_init.4))
<BR><BR>[Stack]<UL><LI>Max Depth = 40<LI>Call Chain = __cxx_global_var_init.4 &rArr; mbed::Timeout::Timeout() &rArr; mbed::TimeoutBase::TimeoutBase__sub_object(ticker_data_t const*, bool) &rArr; mbed::TickerBase::TickerBase__sub_object(ticker_data_t const*, bool)
</UL>
<BR>[Calls]<UL><LI><a href="#[185]">&gt;&gt;</a>&nbsp;&nbsp;&nbsp;mbed::Timeout::Timeout()
</UL>
<BR>[Called By]<UL><LI><a href="#[7b]">&gt;&gt;</a>&nbsp;&nbsp;&nbsp;_GLOBAL__sub_I_main.cpp
</UL>

<P><STRONG><a name="[137]"></a>__cxx_global_var_init.5</STRONG> (Thumb, 24 bytes, Stack size 16 bytes, .\build\main.o(.text.__cxx_global_var_init.5))
<BR><BR>[Stack]<UL><LI>Max Depth = 128<LI>Call Chain = __cxx_global_var_init.5 &rArr; rtos::Thread::Thread__sub_object(osPriority_t, unsigned int, unsigned char*, char const*) &rArr; rtos::Semaphore::Semaphore(int) &rArr; rtos::Semaphore::constructor(int, unsigned short) &rArr; osSemaphoreNew &rArr; EvrRtxSemaphoreError &rArr; trap_rtx_error &rArr;  mbed_error (Cycle)
</UL>
<BR>[Calls]<UL><LI><a href="#[1c8]">&gt;&gt;</a>&nbsp;&nbsp;&nbsp;rtos::Thread::Thread__sub_object(osPriority_t, unsigned int, unsigned char*, char const*)
</UL>
<BR>[Called By]<UL><LI><a href="#[7b]">&gt;&gt;</a>&nbsp;&nbsp;&nbsp;_GLOBAL__sub_I_main.cpp
</UL>

<P><STRONG><a name="[138]"></a>__cxx_global_var_init.6</STRONG> (Thumb, 12 bytes, Stack size 8 bytes, .\build\main.o(.text.__cxx_global_var_init.6))
<BR><BR>[Stack]<UL><LI>Max Depth = 736<LI>Call Chain = __cxx_global_var_init.6 &rArr; mbed::DigitalOut::DigitalOut__sub_object(PinName) &rArr; gpio_init_out &rArr; gpio_init_out_ex &rArr; _gpio_init_out &rArr; gpio_init &rArr; gpio_set &rArr; pin_function &rArr; Set_GPIO_Clock &rArr; error &rArr;  mbed_halt_system (Cycle)
</UL>
<BR>[Calls]<UL><LI><a href="#[165]">&gt;&gt;</a>&nbsp;&nbsp;&nbsp;mbed::DigitalOut::DigitalOut__sub_object(PinName)
</UL>
<BR>[Called By]<UL><LI><a href="#[7b]">&gt;&gt;</a>&nbsp;&nbsp;&nbsp;_GLOBAL__sub_I_main.cpp
</UL>

<P><STRONG><a name="[139]"></a>__cxx_global_var_init.7</STRONG> (Thumb, 12 bytes, Stack size 8 bytes, .\build\main.o(.text.__cxx_global_var_init.7))
<BR><BR>[Stack]<UL><LI>Max Depth = 736<LI>Call Chain = __cxx_global_var_init.7 &rArr; mbed::DigitalOut::DigitalOut__sub_object(PinName) &rArr; gpio_init_out &rArr; gpio_init_out_ex &rArr; _gpio_init_out &rArr; gpio_init &rArr; gpio_set &rArr; pin_function &rArr; Set_GPIO_Clock &rArr; error &rArr;  mbed_halt_system (Cycle)
</UL>
<BR>[Calls]<UL><LI><a href="#[165]">&gt;&gt;</a>&nbsp;&nbsp;&nbsp;mbed::DigitalOut::DigitalOut__sub_object(PinName)
</UL>
<BR>[Called By]<UL><LI><a href="#[7b]">&gt;&gt;</a>&nbsp;&nbsp;&nbsp;_GLOBAL__sub_I_main.cpp
</UL>

<P><STRONG><a name="[96]"></a>AlignUp</STRONG> (Thumb, 10 bytes, Stack size 0 bytes, C:\Keil_v5\ARM\ARMCLANG\Bin\..\lib\armlib\c_p.l(h1_alloc_threads.o)(.text))
<BR><BR>[Called By]<UL><LI><a href="#[95]">&gt;&gt;</a>&nbsp;&nbsp;&nbsp;Heap1_SizeAdjust
</UL>

<P><STRONG><a name="[95]"></a>Heap1_SizeAdjust</STRONG> (Thumb, 6 bytes, Stack size 0 bytes, C:\Keil_v5\ARM\ARMCLANG\Bin\..\lib\armlib\c_p.l(h1_alloc_threads.o)(.text))
<BR><BR>[Calls]<UL><LI><a href="#[96]">&gt;&gt;</a>&nbsp;&nbsp;&nbsp;AlignUp
</UL>
<BR>[Called By]<UL><LI><a href="#[97]">&gt;&gt;</a>&nbsp;&nbsp;&nbsp;malloc_internal$concurrent
</UL>

<P><STRONG><a name="[aa]"></a>_freopen_locked</STRONG> (Thumb, 174 bytes, Stack size 40 bytes, C:\Keil_v5\ARM\ARMCLANG\Bin\..\lib\armlib\c_p.l(fopen_locked.o)(.text))
<BR><BR>[Stack]<UL><LI>Max Depth = 920<LI>Call Chain = _freopen_locked &rArr; _sys_open &rArr; open &rArr; mbed::FilePath::FilePath(char const*) &rArr; mbed::FileBase::lookup(char const*, unsigned int) &rArr; rtos::Mutex::lock() &rArr; mbed_error &rArr; mbed_halt_system &rArr; mbed_die &rArr; gpio_init_out &rArr; gpio_init_out_ex &rArr; _gpio_init_out &rArr; gpio_init &rArr; gpio_set &rArr; pin_function &rArr; Set_GPIO_Clock &rArr; error &rArr;  mbed_halt_system (Cycle)
</UL>
<BR>[Calls]<UL><LI><a href="#[80]">&gt;&gt;</a>&nbsp;&nbsp;&nbsp;_mutex_release
<LI><a href="#[7f]">&gt;&gt;</a>&nbsp;&nbsp;&nbsp;_mutex_acquire
<LI><a href="#[ab]">&gt;&gt;</a>&nbsp;&nbsp;&nbsp;_sys_open
<LI><a href="#[a2]">&gt;&gt;</a>&nbsp;&nbsp;&nbsp;_fclose_internal
<LI><a href="#[9d]">&gt;&gt;</a>&nbsp;&nbsp;&nbsp;_fseek
</UL>
<BR>[Called By]<UL><LI><a href="#[ad]">&gt;&gt;</a>&nbsp;&nbsp;&nbsp;fopen
<LI><a href="#[ac]">&gt;&gt;</a>&nbsp;&nbsp;&nbsp;freopen
</UL>

<P><STRONG><a name="[b7]"></a>_dadd1</STRONG> (Thumb, 290 bytes, Stack size 20 bytes, C:\Keil_v5\ARM\ARMCLANG\Bin\..\lib\armlib\fz_ps.l(daddsub.o)(.text), UNUSED)
<BR><BR>[Called By]<UL><LI><a href="#[b9]">&gt;&gt;</a>&nbsp;&nbsp;&nbsp;_drsb
<LI><a href="#[b8]">&gt;&gt;</a>&nbsp;&nbsp;&nbsp;_dsub
<LI><a href="#[b5]">&gt;&gt;</a>&nbsp;&nbsp;&nbsp;_dadd
</UL>

<P><STRONG><a name="[b6]"></a>_dsub1</STRONG> (Thumb, 470 bytes, Stack size 40 bytes, C:\Keil_v5\ARM\ARMCLANG\Bin\..\lib\armlib\fz_ps.l(daddsub.o)(.text), UNUSED)
<BR><BR>[Called By]<UL><LI><a href="#[b9]">&gt;&gt;</a>&nbsp;&nbsp;&nbsp;_drsb
<LI><a href="#[b8]">&gt;&gt;</a>&nbsp;&nbsp;&nbsp;_dsub
<LI><a href="#[b5]">&gt;&gt;</a>&nbsp;&nbsp;&nbsp;_dadd
</UL>

<P><STRONG><a name="[ce]"></a>AlignUpOffset</STRONG> (Thumb, 14 bytes, Stack size 0 bytes, C:\Keil_v5\ARM\ARMCLANG\Bin\..\lib\armlib\c_p.l(h1_extend_threads.o)(.text))
<BR><BR>[Called By]<UL><LI><a href="#[be]">&gt;&gt;</a>&nbsp;&nbsp;&nbsp;__Heap_ProvideMemory
</UL>
<P>
<H3>
Undefined Global Symbols
</H3>
<P><STRONG><a name="[cc]"></a>__rt_lib_shutdown</STRONG> (ARM, 0 bytes, Stack size 0 bytes, UNDEFINED)
<BR><BR>[Called By]<UL><LI><a href="#[ca]">&gt;&gt;</a>&nbsp;&nbsp;&nbsp;abort
</UL>
<HR></body></html>
